Archive member included to satisfy reference by file (symbol)

c:/program files (x86)/gnu tools arm embedded/6.2 2016q4/bin/../lib/gcc/arm-none-eabi/6.2.1/thumb/v7-m\libgcc.a(_arm_muldivsf3.o)
                              ..\obj\masterModbus.o (__aeabi_fmul)
c:/program files (x86)/gnu tools arm embedded/6.2 2016q4/bin/../lib/gcc/arm-none-eabi/6.2.1/thumb/v7-m\libgcc.a(_arm_fixsfsi.o)
                              ..\obj\talkingBetweenControllers.o (__aeabi_f2iz)
c:/program files (x86)/gnu tools arm embedded/6.2 2016q4/bin/../lib/gcc/arm-none-eabi/6.2.1/../../../../arm-none-eabi/lib/thumb/v7-m\libg.a(lib_a-memcmp.o)
                              ..\obj\config.o (memcmp)
c:/program files (x86)/gnu tools arm embedded/6.2 2016q4/bin/../lib/gcc/arm-none-eabi/6.2.1/../../../../arm-none-eabi/lib/thumb/v7-m\libg.a(lib_a-memcpy.o)
                              ..\obj\archive.o (memcpy)
c:/program files (x86)/gnu tools arm embedded/6.2 2016q4/bin/../lib/gcc/arm-none-eabi/6.2.1/../../../../arm-none-eabi/lib/thumb/v7-m\libg.a(lib_a-memset.o)
                              ..\obj\config.o (memset)

Allocating common symbols
Common symbol       size              file

g_timeout           0x2               ..\obj\global.o
req                 0x5               ..\obj\global.o
UPP_RIGHT           0x34              ..\obj\global.o
g_secound           0x1               ..\obj\global.o
_vbkp_cur           0x40              ..\obj\vbkp.o
g_WLS               0x14              ..\obj\global.o
g_sOn               0x3c              ..\obj\global.o
g_tsCb              0xc               ..\obj\global.o
gTransferAllow      0x1               ..\obj\global.o
g_sControlMode      0x5               ..\obj\global.o
g_eventMaster       0x2               ..\obj\global.o
g_frameLen          0x1               ..\obj\global.o
TmpData             0x4               ..\obj\frame_modbus.o
g_isAnswer          0x1               ..\obj\global.o
g_accessLevel       0x1               ..\obj\global.o
g_dataTalk          0x28              ..\obj\global.o
UPP_LEFT            0x34              ..\obj\global.o
g_errorMaster       0x2               ..\obj\global.o
g_sOff              0x3c              ..\obj\global.o
g_event             0xa0              ..\obj\global.o
g_frame             0x28              ..\obj\global.o
g_Error_timeMessageReceive
                    0x4               ..\obj\global.o
g_Event_timeMessageReceive
                    0x4               ..\obj\global.o
g_sConfig           0x3c              ..\obj\global.o

Discarded input sections

 .text          0x00000000        0x0 ..\obj\stm32f10x_rtc.o
 .data          0x00000000        0x0 ..\obj\stm32f10x_rtc.o
 .bss           0x00000000        0x0 ..\obj\stm32f10x_rtc.o
 .text.RTC_GetDivider
                0x00000000       0x18 ..\obj\stm32f10x_rtc.o
 .text.RTC_GetFlagStatus
                0x00000000       0x14 ..\obj\stm32f10x_rtc.o
 .text.RTC_ClearFlag
                0x00000000       0x14 ..\obj\stm32f10x_rtc.o
 .text          0x00000000        0x0 ..\obj\abnormal.o
 .data          0x00000000        0x0 ..\obj\abnormal.o
 .bss           0x00000000       0x10 ..\obj\abnormal.o
 .text.Abnormal_Init
                0x00000000       0x28 ..\obj\abnormal.o
 .text.Abnormal_Write
                0x00000000       0x10 ..\obj\abnormal.o
 .text.Abnormal_GetPage
                0x00000000       0x10 ..\obj\abnormal.o
 .text.Abnormal_GetPageIndex
                0x00000000       0x10 ..\obj\abnormal.o
 .text.Abnormal_GetByPageOffset
                0x00000000       0x1c ..\obj\abnormal.o
 .text.Abnormal_GetByOffset
                0x00000000       0x14 ..\obj\abnormal.o
 .text.Abnormal_GetLastByType
                0x00000000       0x38 ..\obj\abnormal.o
 .text.Abnormal_MakeRecord
                0x00000000        0x6 ..\obj\abnormal.o
 .text.Abnormal_GetResetFlags
                0x00000000       0x5e ..\obj\abnormal.o
 .debug_info    0x00000000     0x159c ..\obj\abnormal.o
 .debug_abbrev  0x00000000      0x2b9 ..\obj\abnormal.o
 .debug_loc     0x00000000      0x1c8 ..\obj\abnormal.o
 .debug_aranges
                0x00000000       0x60 ..\obj\abnormal.o
 .debug_ranges  0x00000000       0x50 ..\obj\abnormal.o
 .debug_line    0x00000000      0x3b0 ..\obj\abnormal.o
 .debug_str     0x00000000      0xe8b ..\obj\abnormal.o
 .comment       0x00000000       0x6f ..\obj\abnormal.o
 .debug_frame   0x00000000       0xec ..\obj\abnormal.o
 .ARM.attributes
                0x00000000       0x33 ..\obj\abnormal.o
 .text          0x00000000        0x0 ..\obj\stm32f10x_tim.o
 .data          0x00000000        0x0 ..\obj\stm32f10x_tim.o
 .bss           0x00000000        0x0 ..\obj\stm32f10x_tim.o
 .text.TI1_Config
                0x00000000       0x74 ..\obj\stm32f10x_tim.o
 .text.TI2_Config
                0x00000000       0x78 ..\obj\stm32f10x_tim.o
 .text.TIM_DeInit
                0x00000000      0x20c ..\obj\stm32f10x_tim.o
 .text.TIM_OC1Init
                0x00000000       0x8c ..\obj\stm32f10x_tim.o
[...]
Memory Configuration

Name             Origin             Length             Attributes
rom              0x08000000         0x00040000         xr
ram              0x20000000         0x00006000         xrw
*default*        0x00000000         0xffffffff

Linker script and memory map

                0x20006000                _eram = 0x20006000

.text           0x08000000     0x5fbc
 *(.isr_vector)
 .isr_vector    0x08000000      0x138 ..\obj\startup_stm32f10x_hd_vl.o
                0x08000000                g_pfnVectors
 *(.text*)
 .text.RTC_ITConfig
                0x08000138       0x20 ..\obj\stm32f10x_rtc.o
                0x08000138                RTC_ITConfig
 .text.RTC_EnterConfigMode
                0x08000158       0x14 ..\obj\stm32f10x_rtc.o
                0x08000158                RTC_EnterConfigMode
 .text.RTC_ExitConfigMode
                0x0800016c       0x14 ..\obj\stm32f10x_rtc.o
                0x0800016c                RTC_ExitConfigMode
 .text.RTC_GetCounter
                0x08000180       0x14 ..\obj\stm32f10x_rtc.o
                0x08000180                RTC_GetCounter
 .text.RTC_SetCounter
                0x08000194       0x1c ..\obj\stm32f10x_rtc.o
                0x08000194                RTC_SetCounter
 .text.RTC_SetPrescaler
                0x080001b0       0x20 ..\obj\stm32f10x_rtc.o
                0x080001b0                RTC_SetPrescaler
 .text.RTC_SetAlarm
                0x080001d0       0x1c ..\obj\stm32f10x_rtc.o
                0x080001d0                RTC_SetAlarm
 .text.RTC_WaitForLastTask
                0x080001ec       0x10 ..\obj\stm32f10x_rtc.o
                0x080001ec                RTC_WaitForLastTask
 .text.RTC_WaitForSynchro
                0x080001fc       0x1c ..\obj\stm32f10x_rtc.o
                0x080001fc                RTC_WaitForSynchro
 .text.RTC_GetITStatus
                0x08000218       0x24 ..\obj\stm32f10x_rtc.o
                0x08000218                RTC_GetITStatus
 .text.RTC_ClearITPendingBit
                0x0800023c       0x14 ..\obj\stm32f10x_rtc.o
                0x0800023c                RTC_ClearITPendingBit
 .text.TIM_TimeBaseInit
                0x08000250       0xa0 ..\obj\stm32f10x_tim.o
                0x08000250                TIM_TimeBaseInit
 .text.TIM_Cmd  0x080002f0       0x1c ..\obj\stm32f10x_tim.o
                0x080002f0                TIM_Cmd
 .text.TIM_ITConfig
                0x0800030c       0x18 ..\obj\stm32f10x_tim.o
                0x0800030c                TIM_ITConfig
 .text.TIM_GetITStatus
                0x08000324       0x18 ..\obj\stm32f10x_tim.o
                0x08000324                TIM_GetITStatus
 .text.TIM_ClearITPendingBit
                0x0800033c        0x8 ..\obj\stm32f10x_tim.o
                0x0800033c                TIM_ClearITPendingBit
 .text.SigPwm_Init
                0x08000344        0x2 ..\obj\sigpwm.o
                0x08000344                SigPwm_Init
 *fill*         0x08000346        0x2 
 .text.NVIC_SystemReset
                0x08000348       0x20 ..\obj\sleep_reset.o
 .text.SleepReset_Init
                0x08000368       0x14 ..\obj\sleep_reset.o
                0x08000368                SleepReset_Init
 .text.Sleep_Config
                0x0800037c       0x1c ..\obj\sleep_reset.o
                0x0800037c                Sleep_Config
 .text.Reset_Config
                0x08000398       0x1c ..\obj\sleep_reset.o
                0x08000398                Reset_Config
 .text.Sleep_Try
                0x080003b4       0x58 ..\obj\sleep_reset.o
                0x080003b4                Sleep_Try
 .text.Reset_Soft
                0x0800040c       0x1c ..\obj\sleep_reset.o
                0x0800040c                Reset_Soft
 .text.Flash_Read1
                0x08000428       0x1e ..\obj\flash.o
                0x08000428                Flash_Read1
 .text.Flash_Write1
                0x08000446       0x5e ..\obj\flash.o
                0x08000446                Flash_Write1
 .text.Flash_Write4
                0x080004a4       0x58 ..\obj\flash.o
                0x080004a4                Flash_Write4
 .text.Bkp16_Write
                0x080004fc        0xc ..\obj\bkp16.o
                0x080004fc                Bkp16_Write
 .text.DBGMCU_Config
                0x08000508       0x1c ..\obj\stm32f10x_dbgmcu.o
                0x08000508                DBGMCU_Config
 .text.IWDG_Init
                0x08000524       0x22 ..\obj\iwdg.o
                0x08000524                IWDG_Init
 .text.Rtc_Init
                0x08000546       0x98 ..\obj\rtcalarm.o
                0x08000546                Rtc_Init
 .text.RtcAlarm_Reset
                0x080005de       0x16 ..\obj\rtcalarm.o
                0x080005de                RtcAlarm_Reset
 .text.Rtc_SetTime
                0x080005f4       0x20 ..\obj\rtcalarm.o
                0x080005f4                Rtc_SetTime
 .text.RTCAlarm_IRQHandler
                0x08000614       0x34 ..\obj\rtcalarm.o
                0x08000614                RTCAlarm_IRQHandler
 .text.SystemInit
                0x08000648       0xe0 ..\obj\system_stm32f10x.o
                0x08000648                SystemInit
 .text.CheckConfigNew
                0x08000728       0x18 ..\obj\config.o
                0x08000728                CheckConfigNew
 .text.CheckConfig
                0x08000740       0x60 ..\obj\config.o
                0x08000740                CheckConfig
 .text.ReadConfig
                0x080007a0       0x20 ..\obj\config.o
                0x080007a0                ReadConfig
 .text.WriteConfig
                0x080007c0       0x24 ..\obj\config.o
                0x080007c0                WriteConfig
 .text.Config_Set
                0x080007e4       0x7c ..\obj\config.o
                0x080007e4                Config_Set
 .text.Config_Reset
                0x08000860       0x7c ..\obj\config.o
                0x08000860                Config_Reset
 .text.Config_Init
                0x080008dc       0x2c ..\obj\config.o
                0x080008dc                Config_Init
 .text.Override_RTC_GetCounter
                0x08000908       0x1c ..\obj\common.o
                0x08000908                Override_RTC_GetCounter
 .text.memrcpy_u16
                0x08000924        0x8 ..\obj\common.o
                0x08000924                memrcpy_u16
 .text.memrcpy_u32
                0x0800092c       0x10 ..\obj\common.o
                0x0800092c                memrcpy_u32
 .text.memcpy_u16
                0x0800093c        0x8 ..\obj\common.o
                0x0800093c                memcpy_u16
 .text.memcpy_u32
                0x08000944       0x10 ..\obj\common.o
                0x08000944                memcpy_u32
 .text.memrget_u32
                0x08000954       0x16 ..\obj\common.o
                0x08000954                memrget_u32
 .text.memget_u32
                0x0800096a       0x16 ..\obj\common.o
                0x0800096a                memget_u32
 .text.memrget_u16
                0x08000980        0xc ..\obj\common.o
                0x08000980                memrget_u16
 .text.memget_u16
                0x0800098c        0xc ..\obj\common.o
                0x0800098c                memget_u16
 .text.SWAlarm_AddInterval
                0x08000998       0xd4 ..\obj\swalarm_v2.o
                0x08000998                SWAlarm_AddInterval
 .text.SWAlarm_InitVars
                0x08000a6c       0x20 ..\obj\swalarm_v2.o
                0x08000a6c                SWAlarm_InitVars
 .text.SWAlarm_Tick
                0x08000a8c       0x9c ..\obj\swalarm_v2.o
                0x08000a8c                SWAlarm_Tick
 .text.SWAlarm_Next
                0x08000b28       0x40 ..\obj\swalarm_v2.o
                0x08000b28                SWAlarm_Next
 .text.PWR_BackupAccessCmd
                0x08000b68        0xc ..\obj\stm32f10x_pwr.o
                0x08000b68                PWR_BackupAccessCmd
 .text.PWR_WakeUpPinCmd
                0x08000b74        0xc ..\obj\stm32f10x_pwr.o
                0x08000b74                PWR_WakeUpPinCmd
 .text.PWR_EnterSTOPMode
                0x08000b80       0x34 ..\obj\stm32f10x_pwr.o
                0x08000b80                PWR_EnterSTOPMode
 .text.GPIO_Init
                0x08000bb4       0xa4 ..\obj\stm32f10x_gpio.o
                0x08000bb4                GPIO_Init
 .text.GPIO_ReadInputDataBit
                0x08000c58        0xc ..\obj\stm32f10x_gpio.o
                0x08000c58                GPIO_ReadInputDataBit
 .text.GPIO_ReadOutputDataBit
                0x08000c64        0xc ..\obj\stm32f10x_gpio.o
                0x08000c64                GPIO_ReadOutputDataBit
 .text.GPIO_SetBits
                0x08000c70        0x4 ..\obj\stm32f10x_gpio.o
                0x08000c70                GPIO_SetBits
 .text.GPIO_ResetBits
                0x08000c74        0x4 ..\obj\stm32f10x_gpio.o
                0x08000c74                GPIO_ResetBits
 .text.GPIO_PinRemapConfig
                0x08000c78       0x6c ..\obj\stm32f10x_gpio.o
                0x08000c78                GPIO_PinRemapConfig
 .text.TIM2_Init
                0x08000ce4       0x74 ..\obj\masterTimer.o
                0x08000ce4                TIM2_Init
 .text.TIM2_IRQHandler
                0x08000d58       0x30 ..\obj\masterTimer.o
                0x08000d58                TIM2_IRQHandler
 .text.TIM3_Init
                0x08000d88       0x74 ..\obj\masterTimer.o
                0x08000d88                TIM3_Init
 .text.TIM3_IRQHandler
                0x08000dfc       0x48 ..\obj\masterTimer.o
                0x08000dfc                TIM3_IRQHandler
 .text.TIM4_Init
                0x08000e44       0x70 ..\obj\masterTimer.o
                0x08000e44                TIM4_Init
 .text.TIM4_IRQHandler
                0x08000eb4       0x44 ..\obj\masterTimer.o
                0x08000eb4                TIM4_IRQHandler
 .text.TIM7_Init
                0x08000ef8       0x68 ..\obj\masterTimer.o
                0x08000ef8                TIM7_Init
 .text.TIM7_IRQHandler
                0x08000f60       0x50 ..\obj\masterTimer.o
                0x08000f60                TIM7_IRQHandler
 .text._WdgKick
                0x08000fb0       0x30 ..\obj\main.o
 .text.main     0x08000fe0       0xd4 ..\obj\main.o
                0x08000fe0                main
 .text.TalkingCallWithParam
                0x080010b4       0x20 ..\obj\talkingBetweenControllers.o
                0x080010b4                TalkingCallWithParam
 .text.TalkingCall
                0x080010d4       0x24 ..\obj\talkingBetweenControllers.o
                0x080010d4                TalkingCall
 .text.SwitchMasterSlave
                0x080010f8       0x34 ..\obj\talkingBetweenControllers.o
                0x080010f8                SwitchMasterSlave
 .text.TalkingBtwnCtrls_Send
                0x0800112c       0xa0 ..\obj\talkingBetweenControllers.o
                0x0800112c                TalkingBtwnCtrls_Send
 .text.UppRqst  0x080011cc       0xb0 ..\obj\talkingBetweenControllers.o
                0x080011cc                UppRqst
 .text.AnswerForAskingWLS
                0x0800127c       0x74 ..\obj\talkingBetweenControllers.o
                0x0800127c                AnswerForAskingWLS
 .text.Talking_Send
                0x080012f0       0x30 ..\obj\talkingBetweenControllers.o
                0x080012f0                Talking_Send
 .text.AnswerStateToCtrl
                0x08001320       0x34 ..\obj\talkingBetweenControllers.o
                0x08001320                AnswerStateToCtrl
 .text.TalkingCallbackParse
                0x08001354       0x30 ..\obj\talkingBetweenControllers.o
                0x08001354                TalkingCallbackParse
 .text.ArrFillDATANULL
                0x08001384        0xc ..\obj\talkingBetweenControllers.o
                0x08001384                ArrFillDATANULL
 .text.GiveCtrlSecondMC
                0x08001390       0x30 ..\obj\talkingBetweenControllers.o
                0x08001390                GiveCtrlSecondMC
 .text.ParseDataByFunc
                0x080013c0      0x1c8 ..\obj\talkingBetweenControllers.o
                0x080013c0                ParseDataByFunc
 .text.AnswerControllers
                0x08001588       0x58 ..\obj\talkingBetweenControllers.o
                0x08001588                AnswerControllers
 .text.CMDForTalkingBetweenControllers
                0x080015e0      0x114 ..\obj\talkingBetweenControllers.o
                0x080015e0                CMDForTalkingBetweenControllers
 .text.Callback_InitVars
                0x080016f4       0x18 ..\obj\callback.o
                0x080016f4                Callback_InitVars
 .text.Callback_Action
                0x0800170c       0x28 ..\obj\callback.o
                0x0800170c                Callback_Action
 .text.Callback_Save
                0x08001734       0x40 ..\obj\callback.o
                0x08001734                Callback_Save
 .text.led5blink
                0x08001774       0x24 ..\obj\masterModbus.o
                0x08001774                led5blink
 .text.masterGpioInit
                0x08001798       0xa0 ..\obj\masterModbus.o
                0x08001798                masterGpioInit
 .text.TalkingBtwnCtrs
                0x08001838       0x70 ..\obj\masterModbus.o
                0x08001838                TalkingBtwnCtrs
 .text.Call_TIM7
                0x080018a8       0x20 ..\obj\masterModbus.o
                0x080018a8                Call_TIM7
 .text.SaveToUpp
                0x080018c8       0x1c ..\obj\masterModbus.o
                0x080018c8                SaveToUpp
 .text.WLSparse
                0x080018e4       0x3c ..\obj\masterModbus.o
                0x080018e4                WLSparse
 .text.WLSparseHeight
                0x08001920       0x24 ..\obj\masterModbus.o
                0x08001920                WLSparseHeight
 .text.isMaxPumpIdleTime
                0x08001944       0x64 ..\obj\masterModbus.o
                0x08001944                isMaxPumpIdleTime
 .text.isMinPumpTimeAfterStartUpp
                0x080019a8       0x48 ..\obj\masterModbus.o
                0x080019a8                isMinPumpTimeAfterStartUpp
 .text.UPPchoice
                0x080019f0       0x38 ..\obj\masterModbus.o
                0x080019f0                UPPchoice
 .text.masterRequest
                0x08001a28       0x34 ..\obj\masterModbus.o
                0x08001a28                masterRequest
 .text.equipment_config
                0x08001a5c       0x4c ..\obj\masterModbus.o
                0x08001a5c                equipment_config
 .text.wait_answer
                0x08001aa8       0x50 ..\obj\masterModbus.o
                0x08001aa8                wait_answer
 .text.MasterModbusSend
                0x08001af8       0xf0 ..\obj\masterModbus.o
                0x08001af8                MasterModbusSend
 .text.wait_answer2
                0x08001be8       0x44 ..\obj\masterModbus.o
                0x08001be8                wait_answer2
 .text.MasterModbusSendUsart2
                0x08001c2c       0xa8 ..\obj\masterModbus.o
                0x08001c2c                MasterModbusSendUsart2
 .text.wait_    0x08001cd4       0x44 ..\obj\masterModbus.o
                0x08001cd4                wait_
 .text.myWLSstatusRqst
                0x08001d18      0x138 ..\obj\masterModbus.o
                0x08001d18                myWLSstatusRqst
 .text.WlsStatusRqst
                0x08001e50       0xc4 ..\obj\masterModbus.o
                0x08001e50                WlsStatusRqst
 .text.ReadFromBKP
                0x08001f14       0x68 ..\obj\masterModbus.o
                0x08001f14                ReadFromBKP
 .text.master_init
                0x08001f7c       0xb0 ..\obj\masterModbus.o
                0x08001f7c                master_init
 .text.WriteToBKPLastStartTime
                0x0800202c       0x38 ..\obj\masterModbus.o
                0x0800202c                WriteToBKPLastStartTime
 .text.WriteToBKPLastStopTime
                0x08002064       0x38 ..\obj\masterModbus.o
                0x08002064                WriteToBKPLastStopTime
 .text.UPPparse
                0x0800209c       0xa4 ..\obj\masterModbus.o
                0x0800209c                UPPparse
 .text.UPPstatusRqst
                0x08002140       0x8c ..\obj\masterModbus.o
                0x08002140                UPPstatusRqst
 .text.UPPstartRqst
                0x080021cc       0x60 ..\obj\masterModbus.o
                0x080021cc                UPPstartRqst
 .text.UPPstopRqst
                0x0800222c       0x64 ..\obj\masterModbus.o
                0x0800222c                UPPstopRqst
 .text.UPPfaultReset
                0x08002290       0x4c ..\obj\masterModbus.o
                0x08002290                UPPfaultReset
 .text.UPPautoModeSetOn
                0x080022dc       0x58 ..\obj\masterModbus.o
                0x080022dc                UPPautoModeSetOn
 .text.UPPstartTry
                0x08002334       0xc0 ..\obj\masterModbus.o
                0x08002334                UPPstartTry
 .text.UPPstartCallback
                0x080023f4      0x12c ..\obj\masterModbus.o
                0x080023f4                UPPstartCallback
 .text.UPPautoModeSetOff
                0x08002520       0x4c ..\obj\masterModbus.o
                0x08002520                UPPautoModeSetOff
 .text.reqUPPTo_CONTROL_BY_SERVER
                0x0800256c       0x20 ..\obj\masterModbus.o
                0x0800256c                reqUPPTo_CONTROL_BY_SERVER
 .text.UPPstop  0x0800258c       0xb0 ..\obj\masterModbus.o
                0x0800258c                UPPstop
 .text.monitoring
                0x0800263c      0x1cc ..\obj\masterModbus.o
                0x0800263c                monitoring
 .text.PrintChar
                0x08002808       0x18 ..\obj\printf.o
                0x08002808                PrintChar
 .text.PutString
                0x08002820       0x20 ..\obj\printf.o
                0x08002820                PutString
 .text.PutUnsignedInt
                0x08002840       0x50 ..\obj\printf.o
                0x08002840                PutUnsignedInt
 .text.PutSignedInt
                0x08002890       0x90 ..\obj\printf.o
                0x08002890                PutSignedInt
 .text.PutHexa  0x08002920       0x5e ..\obj\printf.o
                0x08002920                PutHexa
 .text.vsnprintf
                0x0800297e      0x140 ..\obj\printf.o
                0x0800297e                vsnprintf
 .text.vsprintf
                0x08002abe        0xe ..\obj\printf.o
                0x08002abe                vsprintf
 .text.fputc    0x08002acc       0x28 ..\obj\printf.o
                0x08002acc                fputc
 .text.fputs    0x08002af4       0x2a ..\obj\printf.o
                0x08002af4                fputs
 *fill*         0x08002b1e        0x2 
 .text.vfprintf
                0x08002b20       0x4c ..\obj\printf.o
                0x08002b20                vfprintf
 .text.vprintf  0x08002b6c       0x18 ..\obj\printf.o
                0x08002b6c                vprintf
 .text.printf   0x08002b84       0x1c ..\obj\printf.o
                0x08002b84                printf
 .text._printf  0x08002ba0       0x2c ..\obj\printf.o
                0x08002ba0                _printf
 .text.RCC_DeInit
                0x08002bcc       0x44 ..\obj\stm32f10x_rcc.o
                0x08002bcc                RCC_DeInit
 .text.RCC_HSEConfig
                0x08002c10       0x3c ..\obj\stm32f10x_rcc.o
                0x08002c10                RCC_HSEConfig
 .text.RCC_HSICmd
                0x08002c4c        0xc ..\obj\stm32f10x_rcc.o
                0x08002c4c                RCC_HSICmd
 .text.RCC_PLLCmd
                0x08002c58        0xc ..\obj\stm32f10x_rcc.o
                0x08002c58                RCC_PLLCmd
 .text.RCC_SYSCLKConfig
                0x08002c64       0x14 ..\obj\stm32f10x_rcc.o
                0x08002c64                RCC_SYSCLKConfig
 .text.RCC_HCLKConfig
                0x08002c78       0x14 ..\obj\stm32f10x_rcc.o
                0x08002c78                RCC_HCLKConfig
 .text.RCC_PCLK1Config
                0x08002c8c       0x14 ..\obj\stm32f10x_rcc.o
                0x08002c8c                RCC_PCLK1Config
 .text.RCC_PCLK2Config
                0x08002ca0       0x14 ..\obj\stm32f10x_rcc.o
                0x08002ca0                RCC_PCLK2Config
 .text.RCC_ADCCLKConfig
                0x08002cb4       0x14 ..\obj\stm32f10x_rcc.o
                0x08002cb4                RCC_ADCCLKConfig
 .text.RCC_LSEConfig
                0x08002cc8       0x28 ..\obj\stm32f10x_rcc.o
                0x08002cc8                RCC_LSEConfig
 .text.RCC_RTCCLKConfig
                0x08002cf0       0x10 ..\obj\stm32f10x_rcc.o
                0x08002cf0                RCC_RTCCLKConfig
 .text.RCC_RTCCLKCmd
                0x08002d00        0xc ..\obj\stm32f10x_rcc.o
                0x08002d00                RCC_RTCCLKCmd
 .text.RCC_GetClocksFreq
                0x08002d0c       0xb0 ..\obj\stm32f10x_rcc.o
                0x08002d0c                RCC_GetClocksFreq
 .text.RCC_AHBPeriphClockCmd
                0x08002dbc       0x1c ..\obj\stm32f10x_rcc.o
                0x08002dbc                RCC_AHBPeriphClockCmd
 .text.RCC_APB2PeriphClockCmd
                0x08002dd8       0x1c ..\obj\stm32f10x_rcc.o
                0x08002dd8                RCC_APB2PeriphClockCmd
 .text.RCC_APB1PeriphClockCmd
                0x08002df4       0x1c ..\obj\stm32f10x_rcc.o
                0x08002df4                RCC_APB1PeriphClockCmd
 .text.RCC_BackupResetCmd
                0x08002e10        0xc ..\obj\stm32f10x_rcc.o
                0x08002e10                RCC_BackupResetCmd
 .text.RCC_GetFlagStatus
                0x08002e1c       0x28 ..\obj\stm32f10x_rcc.o
                0x08002e1c                RCC_GetFlagStatus
 .text.EXTI_Init
                0x08002e44       0x8c ..\obj\stm32f10x_exti.o
                0x08002e44                EXTI_Init
 .text.EXTI_ClearITPendingBit
                0x08002ed0        0xc ..\obj\stm32f10x_exti.o
                0x08002ed0                EXTI_ClearITPendingBit
 .text.ADC_Init
                0x08002edc       0x48 ..\obj\stm32f10x_adc.o
                0x08002edc                ADC_Init
 .text.ADC_StructInit
                0x08002f24       0x12 ..\obj\stm32f10x_adc.o
                0x08002f24                ADC_StructInit
 .text.ADC_Cmd  0x08002f36       0x16 ..\obj\stm32f10x_adc.o
                0x08002f36                ADC_Cmd
 .text.ADC_DMACmd
                0x08002f4c       0x16 ..\obj\stm32f10x_adc.o
                0x08002f4c                ADC_DMACmd
 .text.ADC_ResetCalibration
                0x08002f62        0xa ..\obj\stm32f10x_adc.o
                0x08002f62                ADC_ResetCalibration
 .text.ADC_StartCalibration
                0x08002f6c        0xa ..\obj\stm32f10x_adc.o
                0x08002f6c                ADC_StartCalibration
 .text.ADC_GetCalibrationStatus
                0x08002f76        0x8 ..\obj\stm32f10x_adc.o
                0x08002f76                ADC_GetCalibrationStatus
 .text.ADC_RegularChannelConfig
                0x08002f7e       0x8a ..\obj\stm32f10x_adc.o
                0x08002f7e                ADC_RegularChannelConfig
 .text.ADC_TempSensorVrefintCmd
                0x08003008       0x20 ..\obj\stm32f10x_adc.o
                0x08003008                ADC_TempSensorVrefintCmd
 .text.USART_Init
                0x08003028       0xb8 ..\obj\stm32f10x_usart.o
                0x08003028                USART_Init
 .text.USART_Cmd
                0x080030e0       0x1c ..\obj\stm32f10x_usart.o
                0x080030e0                USART_Cmd
 .text.USART_ITConfig
                0x080030fc       0x36 ..\obj\stm32f10x_usart.o
                0x080030fc                USART_ITConfig
 .text.USART_SendData
                0x08003132        0x8 ..\obj\stm32f10x_usart.o
                0x08003132                USART_SendData
 .text.USART_ReceiveData
                0x0800313a        0x8 ..\obj\stm32f10x_usart.o
                0x0800313a                USART_ReceiveData
 .text.USART_GetITStatus
                0x08003142       0x44 ..\obj\stm32f10x_usart.o
                0x08003142                USART_GetITStatus
 .text.USART_ClearITPendingBit
                0x08003186        0xe ..\obj\stm32f10x_usart.o
                0x08003186                USART_ClearITPendingBit
 .text.Default_Handler
                0x08003194        0x2 ..\obj\startup_stm32f10x_hd_vl.o
                0x08003194                EXTI2_IRQHandler
                0x08003194                DebugMon_Handler
                0x08003194                TIM1_CC_IRQHandler
                0x08003194                SysTick_Handler
                0x08003194                PVD_IRQHandler
                0x08003194                PendSV_Handler
                0x08003194                NMI_Handler
                0x08003194                EXTI3_IRQHandler
                0x08003194                EXTI0_IRQHandler
                0x08003194                I2C2_EV_IRQHandler
                0x08003194                TIM1_UP_TIM16_IRQHandler
                0x08003194                SPI1_IRQHandler
                0x08003194                TAMPER_IRQHandler
                0x08003194                TIM6_DAC_IRQHandler
                0x08003194                DMA2_Channel2_IRQHandler
                0x08003194                DMA1_Channel4_IRQHandler
                0x08003194                ADC1_IRQHandler
                0x08003194                RTC_IRQHandler
                0x08003194                DMA1_Channel7_IRQHandler
                0x08003194                DMA2_Channel1_IRQHandler
                0x08003194                I2C1_EV_IRQHandler
                0x08003194                DMA1_Channel6_IRQHandler
                0x08003194                RCC_IRQHandler
                0x08003194                DMA1_Channel1_IRQHandler
                0x08003194                CEC_IRQHandler
                0x08003194                EXTI15_10_IRQHandler
                0x08003194                TIM14_IRQHandler
                0x08003194                TIM13_IRQHandler
                0x08003194                TIM12_IRQHandler
                0x08003194                TIM5_IRQHandler
                0x08003194                EXTI9_5_IRQHandler
                0x08003194                SPI2_IRQHandler
                0x08003194                SVC_Handler
                0x08003194                DMA2_Channel5_IRQHandler
                0x08003194                DMA1_Channel5_IRQHandler
                0x08003194                EXTI4_IRQHandler
                0x08003194                TIM1_TRG_COM_TIM17_IRQHandler
                0x08003194                DMA1_Channel3_IRQHandler
                0x08003194                FSMC_IRQHandler
                0x08003194                WWDG_IRQHandler
                0x08003194                EXTI1_IRQHandler
                0x08003194                DMA2_Channel4_5_IRQHandler
                0x08003194                I2C2_ER_IRQHandler
                0x08003194                DMA1_Channel2_IRQHandler
                0x08003194                FLASH_IRQHandler
                0x08003194                SPI3_IRQHandler
                0x08003194                I2C1_ER_IRQHandler
                0x08003194                DMA2_Channel3_IRQHandler
                0x08003194                TIM1_BRK_TIM15_IRQHandler
 *fill*         0x08003196        0x2 
 .text.Default_Reset_Handler
                0x08003198       0x5c ..\obj\startup_stm32f10x_hd_vl.o
                0x08003198                Default_Reset_Handler
                0x08003198                Reset_Handler
 .text.crc16Modbus
                0x080031f4       0x3c ..\obj\crc.o
                0x080031f4                crc16Modbus
 .text.Usart_Config_Check
                0x08003230       0x60 ..\obj\usart_v3.o
                0x08003230                Usart_Config_Check
 .text.Usart_Config_SetDefault
                0x08003290        0xe ..\obj\usart_v3.o
                0x08003290                Usart_Config_SetDefault
 .text.Usart_Init
                0x0800329e       0x8a ..\obj\usart_v3.o
                0x0800329e                Usart_Init
 .text.Usart_send
                0x08003328       0x48 ..\obj\usart_v3.o
                0x08003328                Usart_send
 .text.Usart_receiveByte
                0x08003370       0x2a ..\obj\usart_v3.o
                0x08003370                Usart_receiveByte
 .text.Usart_receiveCompleted
                0x0800339a       0x26 ..\obj\usart_v3.o
                0x0800339a                Usart_receiveCompleted
 .text.Usart_transmitByte
                0x080033c0       0x38 ..\obj\usart_v3.o
                0x080033c0                Usart_transmitByte
 .text.Usart_transmitComplete
                0x080033f8       0x1a ..\obj\usart_v3.o
                0x080033f8                Usart_transmitComplete
 *fill*         0x08003412        0x2 
 .text.Global_InitVars
                0x08003414       0x1c ..\obj\global.o
                0x08003414                Global_InitVars
 .text.FLASH_Unlock
                0x08003430       0x18 ..\obj\stm32f10x_flash.o
                0x08003430                FLASH_Unlock
 .text.FLASH_Lock
                0x08003448       0x10 ..\obj\stm32f10x_flash.o
                0x08003448                FLASH_Lock
 .text.FLASH_GetBank1Status
                0x08003458       0x34 ..\obj\stm32f10x_flash.o
                0x08003458                FLASH_GetBank1Status
 .text.FLASH_WaitForLastOperation
                0x0800348c       0x28 ..\obj\stm32f10x_flash.o
                0x0800348c                FLASH_WaitForLastOperation
 .text.FLASH_ErasePage
                0x080034b4       0x40 ..\obj\stm32f10x_flash.o
                0x080034b4                FLASH_ErasePage
 .text.FLASH_ProgramWord
                0x080034f4       0x6c ..\obj\stm32f10x_flash.o
                0x080034f4                FLASH_ProgramWord
 .text.FLASH_ProgramHalfWord
                0x08003560       0x3c ..\obj\stm32f10x_flash.o
                0x08003560                FLASH_ProgramHalfWord
 .text.Usart1_Init
                0x0800359c       0xac ..\obj\usart1.o
                0x0800359c                Usart1_Init
 .text.Usart1_Subscribe
                0x08003648       0x18 ..\obj\usart1.o
                0x08003648                Usart1_Subscribe
 .text.Usart1_send
                0x08003660       0x30 ..\obj\usart1.o
                0x08003660                Usart1_send
 .text.USART1_IRQHandler
                0x08003690       0xd0 ..\obj\usart1.o
                0x08003690                USART1_IRQHandler
 .text.DMA_Init
                0x08003760       0x3e ..\obj\stm32f10x_dma.o
                0x08003760                DMA_Init
 .text.DMA_Cmd  0x0800379e       0x1a ..\obj\stm32f10x_dma.o
                0x0800379e                DMA_Cmd
 .text.UART4_Init
                0x080037b8       0xc0 ..\obj\uart4.o
                0x080037b8                UART4_Init
 .text.UART4_Subscribe
                0x08003878       0x18 ..\obj\uart4.o
                0x08003878                UART4_Subscribe
 .text.UART4_send
                0x08003890       0x30 ..\obj\uart4.o
                0x08003890                UART4_send
 .text.UART4_IRQHandler
                0x080038c0       0xd8 ..\obj\uart4.o
                0x080038c0                UART4_IRQHandler
 .text.sendTerminal
                0x08003998       0xb8 ..\obj\answerFrameModbus.o
                0x08003998                sendTerminal
 .text.answerFrameProcess
                0x08003a50      0x134 ..\obj\answerFrameModbus.o
 .text.answerFrameModbusDataProcess
                0x08003b84       0x76 ..\obj\answerFrameModbus.o
                0x08003b84                answerFrameModbusDataProcess
 *fill*         0x08003bfa        0x2 
 .text.Usart2_Init
                0x08003bfc       0x88 ..\obj\usart2.o
                0x08003bfc                Usart2_Init
 .text.Usart2_Subscribe
                0x08003c84       0x18 ..\obj\usart2.o
                0x08003c84                Usart2_Subscribe
 .text.Usart2_send
                0x08003c9c       0x30 ..\obj\usart2.o
                0x08003c9c                Usart2_send
 .text.USART2_IRQHandler
                0x08003ccc       0xc8 ..\obj\usart2.o
                0x08003ccc                USART2_IRQHandler
 .text.UART5_Init
                0x08003d94       0x8c ..\obj\uart5.o
                0x08003d94                UART5_Init
 .text.UART5_Subscribe
                0x08003e20       0x18 ..\obj\uart5.o
                0x08003e20                UART5_Subscribe
 .text.UART5_send
                0x08003e38       0x30 ..\obj\uart5.o
                0x08003e38                UART5_send
 .text.UART5_IRQHandler
                0x08003e68       0xcc ..\obj\uart5.o
                0x08003e68                UART5_IRQHandler
 .text.Usart3_Init
                0x08003f34       0xe8 ..\obj\usart3.o
                0x08003f34                Usart3_Init
 .text.Usart3_send
                0x0800401c       0x30 ..\obj\usart3.o
                0x0800401c                Usart3_send
 .text.USART3_IRQHandler
                0x0800404c       0xe0 ..\obj\usart3.o
                0x0800404c                USART3_IRQHandler
 .text.NVIC_PriorityGroupConfig
                0x0800412c       0x14 ..\obj\misc.o
                0x0800412c                NVIC_PriorityGroupConfig
 .text.NVIC_Init
                0x08004140       0x64 ..\obj\misc.o
                0x08004140                NVIC_Init
 .text.answerModbusUsart2
                0x080041a4       0x94 ..\obj\answerModbusUsart2.o
                0x080041a4                answerModbusUsart2
 .text.answerModbusUsart2DataProcess
                0x08004238       0xb4 ..\obj\answerModbusUsart2.o
                0x08004238                answerModbusUsart2DataProcess
 .text.ServerCall
                0x080042ec       0x24 ..\obj\frame_modbus.o
                0x080042ec                ServerCall
 .text.testFunc
                0x08004310       0x30 ..\obj\frame_modbus.o
                0x08004310                testFunc
 .text.ServerCallbackParse
                0x08004340        0xe ..\obj\frame_modbus.o
                0x08004340                ServerCallbackParse
 *fill*         0x0800434e        0x2 
 .text.CMD50    0x08004350      0x280 ..\obj\frame_modbus.o
                0x08004350                CMD50
 .text.FrameModbus_Send
                0x080045d0       0xe0 ..\obj\frame_modbus.o
                0x080045d0                FrameModbus_Send
 .text.FrameError
                0x080046b0       0x1c ..\obj\frame_modbus.o
 .text.FrameModbus_DataProcess
                0x080046cc       0xe4 ..\obj\frame_modbus.o
                0x080046cc                FrameModbus_DataProcess
 .text.FrameProcess
                0x080047b0      0x6e8 ..\obj\frame_modbus.o
 .text.HardFault_Handler
                0x08004e98        0x2 ..\obj\irq_v2.o
                0x08004e98                HardFault_Handler
 .text.MemManage_Handler
                0x08004e9a        0x2 ..\obj\irq_v2.o
                0x08004e9a                MemManage_Handler
 .text.BusFault_Handler
                0x08004e9c        0x2 ..\obj\irq_v2.o
                0x08004e9c                BusFault_Handler
 .text.UsageFault_Handler
                0x08004e9e        0x2 ..\obj\irq_v2.o
                0x08004e9e                UsageFault_Handler
 .text.Adc1_Init
                0x08004ea0       0xf0 ..\obj\adc1.o
                0x08004ea0                Adc1_Init
 .text._FBKP_Write
                0x08004f90       0xb8 ..\obj\vbkp.o
                0x08004f90                _FBKP_Write
 .text.VBkp_mUpdate
                0x08005048       0x88 ..\obj\vbkp.o
                0x08005048                VBkp_mUpdate
 .text.BKP_DeInit
                0x080050d0       0x10 ..\obj\stm32f10x_bkp.o
                0x080050d0                BKP_DeInit
 .text.BKP_WriteBackupRegister
                0x080050e0       0x1c ..\obj\stm32f10x_bkp.o
                0x080050e0                BKP_WriteBackupRegister
 .text.BKP_ReadBackupRegister
                0x080050fc       0x20 ..\obj\stm32f10x_bkp.o
                0x080050fc                BKP_ReadBackupRegister
 .text.Clock_Init
                0x0800511c       0x4c ..\obj\clock.o
                0x0800511c                Clock_Init
 .text.IWDG_WriteAccessCmd
                0x08005168        0xc ..\obj\stm32f10x_iwdg.o
                0x08005168                IWDG_WriteAccessCmd
 .text.IWDG_SetPrescaler
                0x08005174        0xc ..\obj\stm32f10x_iwdg.o
                0x08005174                IWDG_SetPrescaler
 .text.IWDG_SetReload
                0x08005180        0xc ..\obj\stm32f10x_iwdg.o
                0x08005180                IWDG_SetReload
 .text.IWDG_ReloadCounter
                0x0800518c       0x10 ..\obj\stm32f10x_iwdg.o
                0x0800518c                IWDG_ReloadCounter
 .text.IWDG_Enable
                0x0800519c       0x10 ..\obj\stm32f10x_iwdg.o
                0x0800519c                IWDG_Enable
 .text          0x080051ac      0x2a0 c:/program files (x86)/gnu tools arm embedded/6.2 2016q4/bin/../lib/gcc/arm-none-eabi/6.2.1/thumb/v7-m\libgcc.a(_arm_muldivsf3.o)
                0x080051ac                __mulsf3
                0x080051ac                __aeabi_fmul
                0x08005314                __aeabi_fdiv
                0x08005314                __divsf3
 .text          0x0800544c       0x4c c:/program files (x86)/gnu tools arm embedded/6.2 2016q4/bin/../lib/gcc/arm-none-eabi/6.2.1/thumb/v7-m\libgcc.a(_arm_fixsfsi.o)
                0x0800544c                __aeabi_f2iz
                0x0800544c                __fixsfsi
 .text.memcmp   0x08005498       0x60 c:/program files (x86)/gnu tools arm embedded/6.2 2016q4/bin/../lib/gcc/arm-none-eabi/6.2.1/../../../../arm-none-eabi/lib/thumb/v7-m\libg.a(lib_a-memcmp.o)
                0x08005498                memcmp
 .text          0x080054f8       0xec c:/program files (x86)/gnu tools arm embedded/6.2 2016q4/bin/../lib/gcc/arm-none-eabi/6.2.1/../../../../arm-none-eabi/lib/thumb/v7-m\libg.a(lib_a-memcpy.o)
                0x080054f8                memcpy
 .text.memset   0x080055e4       0x9c c:/program files (x86)/gnu tools arm embedded/6.2 2016q4/bin/../lib/gcc/arm-none-eabi/6.2.1/../../../../arm-none-eabi/lib/thumb/v7-m\libg.a(lib_a-memset.o)
                0x080055e4                memset
 *(.init)
 *(.fini)
 *crtbegin.o(.ctors)
 *crtbegin?.o(.ctors)
 *(EXCLUDE_FILE(*crtend.o *crtend?.o) .ctors)
 *(SORT(.ctors.*))
 *(.ctors)
 *crtbegin.o(.dtors)
 *crtbegin?.o(.dtors)
 *(EXCLUDE_FILE(*crtend.o *crtend?.o) .dtors)
 *(SORT(.dtors.*))
 *(.dtors)
 *(.rodata*)
 .rodata.str1.4
                0x08005680       0x70 ..\obj\config.o
 .rodata.str1.4
                0x080056f0       0x15 ..\obj\masterTimer.o
 *fill*         0x08005705        0x3 
 .rodata.str1.4
                0x08005708       0x49 ..\obj\main.o
 *fill*         0x08005751        0x3 
 .rodata.str1.4
                0x08005754      0x195 ..\obj\talkingBetweenControllers.o
 *fill*         0x080058e9        0x3 
 .rodata        0x080058ec       0x24 ..\obj\masterModbus.o
 .rodata.str1.4
                0x08005910      0x498 ..\obj\masterModbus.o
                                0x504 (size before relaxing)
 .rodata.str1.4
                0x08005da8       0x24 ..\obj\printf.o
 .rodata        0x08005dcc       0x31 ..\obj\global.o
 *fill*         0x08005dfd        0x3 
 .rodata.str1.4
                0x08005e00       0x42 ..\obj\answerFrameModbus.o
 *fill*         0x08005e42        0x2 
 .rodata.str1.4
                0x08005e44        0x9 ..\obj\answerModbusUsart2.o
                                  0xf (size before relaxing)
 *fill*         0x08005e4d        0x3 
 .rodata.str1.4
                0x08005e50      0x16c ..\obj\frame_modbus.o
                                0x169 (size before relaxing)
 *(.eh_fram e*)

.glue_7         0x08005fbc        0x0
 .glue_7        0x08005fbc        0x0 linker stubs

.glue_7t        0x08005fbc        0x0
 .glue_7t       0x08005fbc        0x0 linker stubs

.vfp11_veneer   0x08005fbc        0x0
 .vfp11_veneer  0x08005fbc        0x0 linker stubs

.v4_bx          0x08005fbc        0x0
 .v4_bx         0x08005fbc        0x0 linker stubs

.iplt           0x08005fbc        0x0
 .iplt          0x08005fbc        0x0 ..\obj\stm32f10x_rtc.o

.rel.dyn        0x08005fbc        0x0
 .rel.iplt      0x08005fbc        0x0 ..\obj\stm32f10x_rtc.o

.ARM.extab
 *(.ARM.extab* .gnu.linkonce.armextab.*)
                0x08005fbc                __exidx_start = .

.ARM.exidx
 *(.ARM.exidx* .gnu.linkonce.armexidx.*)
                0x08005fbc                __exidx_end = .
                0x08005fbc                __etext = .
                0x08005fbc                _sidata = __etext

.data           0x20000000      0x490 load address 0x08005fbc
                0x20000000                __data_start__ = .
                0x20000000                _sdata = __data_start__
 *(vtable)
 *(.data*)
 .data          0x20000000        0x2 ..\obj\masterModbus.o
                0x20000000                requestIdle
 *fill*         0x20000002        0x6 
 .data          0x20000008      0x430 ..\obj\printf.o
                0x20000008                _impure_ptr
                0x20000010                r
 .data          0x20000438       0x14 ..\obj\stm32f10x_rcc.o
 .data          0x2000044c       0x40 ..\obj\global.o
                0x2000044c                g_WLSfromserver
                0x2000044d                g_WLSserverMode
                0x2000044e                nCommand
                0x20000450                gpioPinStatusWork
                0x20000454                gpioPortStatusWork
                0x20000458                g_SecondUPP
                0x2000045c                g_UPPstruct
                0x20000460                g_WLSsetLvl
                0x20000461                g_astrLight
                0x20000464                g_Error_timeMessageSend
                0x20000468                g_Event_timeMessageSend
                0x2000046c                g_errorSendInterval
                0x2000046d                g_countTryEvent
                0x2000046e                g_countTry
                0x20000470                gc_Unique_ID
                0x20000474                gc_pacUnits
 .data          0x2000048c        0x1 ..\obj\frame_modbus.o
                0x2000048c                rqstIdle
 .data          0x2000048d        0x1 ..\obj\vbkp.o
                0x20000490                . = ALIGN (0x4)
 *fill*         0x2000048e        0x2 
                [!provide]                PROVIDE (__preinit_array_start, .)
 *(.preinit_array)
                [!provide]                PROVIDE (__preinit_array_end, .)
                0x20000490                . = ALIGN (0x4)
                [!provide]                PROVIDE (__init_array_start, .)
 *(SORT(.init_array.*))
 *(.init_array)
                [!provide]                PROVIDE (__init_array_end, .)
                0x20000490                . = ALIGN (0x4)
                [!provide]                PROVIDE (__fini_array_start, .)
 *(SORT(.fini_array.*))
 *(.fini_array)
                [!provide]                PROVIDE (__fini_array_end, .)
 *(.jcr*)
                0x20000490                . = ALIGN (0x4)
                0x20000490                __data_end__ = .
                0x20000490                _edata = __data_end__

.igot.plt       0x20000490        0x0 load address 0x0800644c
 .igot.plt      0x20000490        0x0 ..\obj\stm32f10x_rtc.o

.bss            0x20000490     0x1994 load address 0x0800644c
                0x20000490                . = ALIGN (0x4)
                0x20000490                __bss_start__ = .
                0x20000490                _sbss = __bss_start__
 *(.bss*)
 .bss           0x20000490        0xd ..\obj\sleep_reset.o
 *fill*         0x2000049d        0x3 
 .bss           0x200004a0       0x98 ..\obj\swalarm_v2.o
 .bss           0x20000538      0x180 ..\obj\callback.o
 .bss           0x200006b8        0x2 ..\obj\masterModbus.o
                0x200006b8                isK1on
                0x200006b9                K1countOn
 *fill*         0x200006ba        0x2 
 .bss           0x200006bc       0x2d ..\obj\global.o
                0x200006bc                gCountNotAnswerPump
                0x200006bd                gIsAccessSecondCrtl
                0x200006be                g_timeout2
                0x200006bf                gIsAnswerMC
                0x200006c0                gIsRestartMC
                0x200006c1                gTimerForTalking
                0x200006c2                gCountNotAnswerController
                0x200006c3                gFromUsart
                0x200006c4                gtimeout
                0x200006c5                gWatchDog
                0x200006c6                secBeforeOn
                0x200006c8                g_forseToError
                0x200006c9                g_Timer4
                0x200006ca                g_Timer3
                0x200006cb                gControlMode
                0x200006cc                g_rightUppActivity
                0x200006cd                g_leftUppActivity
                0x200006ce                g_MonitoringSet
                0x200006cf                gPrintf
                0x200006d0                g_writeConfig
                0x200006d1                g_debug
                0x200006d2                g_fullNA
                0x200006d3                g_isArchive
                0x200006d4                g_objectId
                0x200006e4                g_eventCode
                0x200006e6                g_errorCode
                0x200006e8                g_restart
 *fill*         0x200006e9        0x3 
 .bss           0x200006ec      0x41c ..\obj\usart1.o
 .bss           0x20000b08      0x41c ..\obj\uart4.o
 .bss           0x20000f24      0x41c ..\obj\usart2.o
 .bss           0x20001340      0x41c ..\obj\uart5.o
 .bss           0x2000175c      0x41c ..\obj\usart3.o
 .bss           0x20001b78        0x4 ..\obj\adc1.o
 .bss           0x20001b7c        0xb ..\obj\vbkp.o
 *(COMMON)
 *fill*         0x20001b87        0x1 
 COMMON         0x20001b88      0x258 ..\obj\global.o
                0x20001b88                g_timeout
                0x20001b8c                req
                0x20001b94                UPP_RIGHT
                0x20001bc8                g_secound
                0x20001bcc                g_WLS
                0x20001be0                g_sOn
                0x20001c1c                g_tsCb
                0x20001c28                gTransferAllow
                0x20001c2c                g_sControlMode
                0x20001c32                g_eventMaster
                0x20001c34                g_frameLen
                0x20001c35                g_isAnswer
                0x20001c36                g_accessLevel
                0x20001c38                g_dataTalk
                0x20001c60                UPP_LEFT
                0x20001c94                g_errorMaster
                0x20001c98                g_sOff
                0x20001cd4                g_event
                0x20001d74                g_frame
                0x20001d9c                g_Error_timeMessageReceive
                0x20001da0                g_Event_timeMessageReceive
                0x20001da4                g_sConfig
 COMMON         0x20001de0        0x4 ..\obj\frame_modbus.o
                0x20001de0                TmpData
 COMMON         0x20001de4       0x40 ..\obj\vbkp.o
                0x20001de4                _vbkp_cur
                0x20001e24                . = ALIGN (0x4)
                0x20001e24                __bss_end__ = .
                0x20001e24                _ebss = __bss_end__

.heap           0x20001e24        0x0
                0x20001e24                __end__ = .
                0x20001e24                _end = __end__
                0x20001e24                end = __end__
 *(.heap*)
                0x20001e24                __HeapLimit = .

.co_stack       0x20001e24      0x404 load address 0x08007de0
                0x20001e28                . = ALIGN (0x8)
 *fill*         0x20001e24        0x4 
 *(.co_stack .co_stack.*)
 .co_stack      0x20001e28      0x400 ..\obj\startup_stm32f10x_hd_vl.o
                0x20001e28                pulStack
                0x20006000                __StackTop = (ORIGIN (ram) + LENGTH (ram))
                0x20005bfc                __StackLimit = (__StackTop - SIZEOF (.co_stack))
                [!provide]                PROVIDE (__stack, __StackTop)
                0x00000001                ASSERT ((__StackLimit >= __HeapLimit), region ram  overflowed with stack)
LOAD ..\obj\stm32f10x_rtc.o
LOAD ..\obj\abnormal.o
LOAD ..\obj\stm32f10x_tim.o
LOAD ..\obj\sigpwm.o
LOAD ..\obj\sleep_reset.o
LOAD ..\obj\flash.o
LOAD ..\obj\bkp16.o
LOAD ..\obj\hourly.o
LOAD ..\obj\stm32f10x_dbgmcu.o
LOAD ..\obj\iwdg.o
LOAD ..\obj\rtcalarm.o
LOAD ..\obj\system_stm32f10x.o
LOAD ..\obj\frame_transfer.o
LOAD ..\obj\config.o
LOAD ..\obj\counter.o
LOAD ..\obj\common.o
LOAD ..\obj\swalarm_v2.o
LOAD ..\obj\stm32f10x_pwr.o
LOAD ..\obj\sendToUp.o
LOAD ..\obj\archive.o
LOAD ..\obj\stm32f10x_gpio.o
LOAD ..\obj\masterTimer.o
LOAD ..\obj\main.o
LOAD ..\obj\talkingBetweenControllers.o
LOAD ..\obj\callback.o
LOAD ..\obj\masterModbus.o
LOAD ..\obj\printf.o
LOAD ..\obj\stm32f10x_rcc.o
LOAD ..\obj\stm32f10x_exti.o
LOAD ..\obj\stm32f10x_adc.o
LOAD ..\obj\stm32f10x_usart.o
LOAD ..\obj\startup_stm32f10x_hd_vl.o
LOAD ..\obj\crc.o
LOAD ..\obj\usart_v3.o
LOAD ..\obj\syscalls.o
LOAD ..\obj\global.o
LOAD ..\obj\stm32f10x_flash.o
LOAD ..\obj\usart1.o
LOAD ..\obj\stm32f10x_dma.o
LOAD ..\obj\uart4.o
LOAD ..\obj\answerFrameModbus.o
LOAD ..\obj\usart2.o
LOAD ..\obj\uart5.o
LOAD ..\obj\usart3.o
LOAD ..\obj\misc.o
LOAD ..\obj\answerModbusUsart2.o
LOAD ..\obj\frame_modbus.o
LOAD ..\obj\irq_v2.o
LOAD ..\obj\adc1.o
LOAD ..\obj\vbkp.o
LOAD ..\obj\stm32f10x_bkp.o
LOAD ..\obj\clock.o
LOAD ..\obj\stm32f10x_iwdg.o
LOAD c:/program files (x86)/gnu tools arm embedded/6.2 2016q4/bin/../lib/gcc/arm-none-eabi/6.2.1/../../../../arm-none-eabi/lib/thumb/v7-m\libm.a
START GROUP
LOAD c:/program files (x86)/gnu tools arm embedded/6.2 2016q4/bin/../lib/gcc/arm-none-eabi/6.2.1/thumb/v7-m\libgcc.a
LOAD c:/program files (x86)/gnu tools arm embedded/6.2 2016q4/bin/../lib/gcc/arm-none-eabi/6.2.1/../../../../arm-none-eabi/lib/thumb/v7-m\libg.a
LOAD c:/program files (x86)/gnu tools arm embedded/6.2 2016q4/bin/../lib/gcc/arm-none-eabi/6.2.1/../../../../arm-none-eabi/lib/thumb/v7-m\libc.a
END GROUP
OUTPUT(mx1005r4-p16d16i_with_bootloader.elf elf32-littlearm)

.debug_info     0x00000000    0x33e6b
 .debug_info    0x00000000      0x484 ..\obj\stm32f10x_rtc.o
 .debug_info    0x00000484     0x2247 ..\obj\stm32f10x_tim.o
 .debug_info    0x000026cb     0x146f ..\obj\sigpwm.o
 .debug_info    0x00003b3a     0x156d ..\obj\sleep_reset.o
 .debug_info    0x000050a7     0x15c6 ..\obj\flash.o
 .debug_info    0x0000666d     0x1345 ..\obj\bkp16.o
 .debug_info    0x000079b2      0x16d ..\obj\stm32f10x_dbgmcu.o
 .debug_info    0x00007b1f     0x11be ..\obj\iwdg.o
 .debug_info    0x00008cdd     0x17ba ..\obj\rtcalarm.o
 .debug_info    0x0000a497      0x469 ..\obj\system_stm32f10x.o
 .debug_info    0x0000a900     0x14a3 ..\obj\config.o
 .debug_info    0x0000bda3     0x1514 ..\obj\common.o
 .debug_info    0x0000d2b7     0x154c ..\obj\swalarm_v2.o
 .debug_info    0x0000e803      0x4ee ..\obj\stm32f10x_pwr.o
 .debug_info    0x0000ecf1      0x898 ..\obj\stm32f10x_gpio.o
 .debug_info    0x0000f589     0x1c4c ..\obj\masterTimer.o
 .debug_info    0x000111d5     0x150b ..\obj\main.o
 .debug_info    0x000126e0     0x1e21 ..\obj\talkingBetweenControllers.o
 .debug_info    0x00014501     0x11e1 ..\obj\callback.o
 .debug_info    0x000156e2     0x3734 ..\obj\masterModbus.o
 .debug_info    0x00018e16     0x1b83 ..\obj\printf.o
 .debug_info    0x0001a999      0x94f ..\obj\stm32f10x_rcc.o
 .debug_info    0x0001b2e8      0x35f ..\obj\stm32f10x_exti.o
 .debug_info    0x0001b647      0xc34 ..\obj\stm32f10x_adc.o
 .debug_info    0x0001c27b      0xb2f ..\obj\stm32f10x_usart.o
 .debug_info    0x0001cdaa      0x131 ..\obj\startup_stm32f10x_hd_vl.o
 .debug_info    0x0001cedb     0x1233 ..\obj\crc.o
 .debug_info    0x0001e10e     0x1732 ..\obj\usart_v3.o
 .debug_info    0x0001f840     0x160e ..\obj\global.o
 .debug_info    0x00020e4e      0xa13 ..\obj\stm32f10x_flash.o
 .debug_info    0x00021861     0x1a54 ..\obj\usart1.o
 .debug_info    0x000232b5      0x47f ..\obj\stm32f10x_dma.o
 .debug_info    0x00023734     0x1a94 ..\obj\uart4.o
 .debug_info    0x000251c8     0x15cb ..\obj\answerFrameModbus.o
 .debug_info    0x00026793     0x1a06 ..\obj\usart2.o
 .debug_info    0x00028199     0x19ec ..\obj\uart5.o
 .debug_info    0x00029b85     0x1ab6 ..\obj\usart3.o
 .debug_info    0x0002b63b      0x54d ..\obj\misc.o
 .debug_info    0x0002bb88     0x1386 ..\obj\answerModbusUsart2.o
 .debug_info    0x0002cf0e     0x2616 ..\obj\frame_modbus.o
 .debug_info    0x0002f524       0x66 ..\obj\irq_v2.o
 .debug_info    0x0002f58a     0x16ef ..\obj\adc1.o
 .debug_info    0x00030c79     0x156d ..\obj\vbkp.o
 .debug_info    0x000321e6      0x7e5 ..\obj\stm32f10x_bkp.o
 .debug_info    0x000329cb     0x128c ..\obj\clock.o
 .debug_info    0x00033c57      0x214 ..\obj\stm32f10x_iwdg.o

.debug_abbrev   0x00000000     0x6d7c
 .debug_abbrev  0x00000000      0x1b8 ..\obj\stm32f10x_rtc.o
 .debug_abbrev  0x000001b8      0x2a6 ..\obj\stm32f10x_tim.o
 .debug_abbrev  0x0000045e      0x2ac ..\obj\sigpwm.o
 .debug_abbrev  0x0000070a      0x2b2 ..\obj\sleep_reset.o
 .debug_abbrev  0x000009bc      0x299 ..\obj\flash.o
 .debug_abbrev  0x00000c55      0x269 ..\obj\bkp16.o
 .debug_abbrev  0x00000ebe      0x100 ..\obj\stm32f10x_dbgmcu.o
 .debug_abbrev  0x00000fbe      0x206 ..\obj\iwdg.o
 .debug_abbrev  0x000011c4      0x2dc ..\obj\rtcalarm.o
 .debug_abbrev  0x000014a0      0x18a ..\obj\system_stm32f10x.o
 .debug_abbrev  0x0000162a      0x28a ..\obj\config.o
 .debug_abbrev  0x000018b4      0x270 ..\obj\common.o
 .debug_abbrev  0x00001b24      0x338 ..\obj\swalarm_v2.o
 .debug_abbrev  0x00001e5c      0x1be ..\obj\stm32f10x_pwr.o
 .debug_abbrev  0x0000201a      0x1fe ..\obj\stm32f10x_gpio.o
 .debug_abbrev  0x00002218      0x2ff ..\obj\masterTimer.o
 .debug_abbrev  0x00002517      0x295 ..\obj\main.o
 .debug_abbrev  0x000027ac      0x3cf ..\obj\talkingBetweenControllers.o
 .debug_abbrev  0x00002b7b      0x253 ..\obj\callback.o
 .debug_abbrev  0x00002dce      0x4ac ..\obj\masterModbus.o
 .debug_abbrev  0x0000327a      0x396 ..\obj\printf.o
 .debug_abbrev  0x00003610      0x1f3 ..\obj\stm32f10x_rcc.o
 .debug_abbrev  0x00003803      0x175 ..\obj\stm32f10x_exti.o
 .debug_abbrev  0x00003978      0x1e4 ..\obj\stm32f10x_adc.o
 .debug_abbrev  0x00003b5c      0x1d7 ..\obj\stm32f10x_usart.o
 .debug_abbrev  0x00003d33       0xdf ..\obj\startup_stm32f10x_hd_vl.o
 .debug_abbrev  0x00003e12      0x24d ..\obj\crc.o
 .debug_abbrev  0x0000405f      0x2c4 ..\obj\usart_v3.o
 .debug_abbrev  0x00004323      0x231 ..\obj\global.o
 .debug_abbrev  0x00004554      0x1c0 ..\obj\stm32f10x_flash.o
 .debug_abbrev  0x00004714      0x2eb ..\obj\usart1.o
 .debug_abbrev  0x000049ff      0x18f ..\obj\stm32f10x_dma.o
 .debug_abbrev  0x00004b8e      0x2eb ..\obj\uart4.o
 .debug_abbrev  0x00004e79      0x2d7 ..\obj\answerFrameModbus.o
 .debug_abbrev  0x00005150      0x2eb ..\obj\usart2.o
 .debug_abbrev  0x0000543b      0x2eb ..\obj\uart5.o
 .debug_abbrev  0x00005726      0x2eb ..\obj\usart3.o
 .debug_abbrev  0x00005a11      0x17f ..\obj\misc.o
 .debug_abbrev  0x00005b90      0x27d ..\obj\answerModbusUsart2.o
 .debug_abbrev  0x00005e0d      0x459 ..\obj\frame_modbus.o
 .debug_abbrev  0x00006266       0x28 ..\obj\irq_v2.o
 .debug_abbrev  0x0000628e      0x292 ..\obj\adc1.o
 .debug_abbrev  0x00006520      0x356 ..\obj\vbkp.o
 .debug_abbrev  0x00006876      0x1a2 ..\obj\stm32f10x_bkp.o
 .debug_abbrev  0x00006a18      0x229 ..\obj\clock.o
 .debug_abbrev  0x00006c41      0x13b ..\obj\stm32f10x_iwdg.o

.debug_loc      0x00000000     0xad93
 .debug_loc     0x00000000      0x229 ..\obj\stm32f10x_rtc.o
 .debug_loc     0x00000229     0x1df9 ..\obj\stm32f10x_tim.o
 .debug_loc     0x00002022       0x35 ..\obj\sleep_reset.o
 .debug_loc     0x00002057      0x368 ..\obj\flash.o
 .debug_loc     0x000023bf      0x1dc ..\obj\bkp16.o
 .debug_loc     0x0000259b       0x3a ..\obj\stm32f10x_dbgmcu.o
 .debug_loc     0x000025d5       0x62 ..\obj\rtcalarm.o
 .debug_loc     0x00002637      0x124 ..\obj\system_stm32f10x.o
 .debug_loc     0x0000275b      0x131 ..\obj\config.o
 .debug_loc     0x0000288c      0x2a2 ..\obj\common.o
 .debug_loc     0x00002b2e      0x52b ..\obj\swalarm_v2.o
 .debug_loc     0x00003059      0x111 ..\obj\stm32f10x_pwr.o
 .debug_loc     0x0000316a      0x590 ..\obj\stm32f10x_gpio.o
 .debug_loc     0x000036fa       0x51 ..\obj\masterTimer.o
 .debug_loc     0x0000374b       0x4d ..\obj\main.o
 .debug_loc     0x00003798      0xb6f ..\obj\talkingBetweenControllers.o
 .debug_loc     0x00004307       0x9d ..\obj\callback.o
 .debug_loc     0x000043a4      0xa95 ..\obj\masterModbus.o
 .debug_loc     0x00004e39      0xd30 ..\obj\printf.o
 .debug_loc     0x00005b69      0x794 ..\obj\stm32f10x_rcc.o
 .debug_loc     0x000062fd      0x1f0 ..\obj\stm32f10x_exti.o
 .debug_loc     0x000064ed      0xb63 ..\obj\stm32f10x_adc.o
 .debug_loc     0x00007050      0x7a3 ..\obj\stm32f10x_usart.o
 .debug_loc     0x000077f3       0x2b ..\obj\startup_stm32f10x_hd_vl.o
 .debug_loc     0x0000781e      0x215 ..\obj\crc.o
 .debug_loc     0x00007a33      0x2de ..\obj\usart_v3.o
 .debug_loc     0x00007d11      0x8cb ..\obj\stm32f10x_flash.o
 .debug_loc     0x000085dc       0xe5 ..\obj\usart1.o
 .debug_loc     0x000086c1      0x18e ..\obj\stm32f10x_dma.o
 .debug_loc     0x0000884f       0xe5 ..\obj\uart4.o
 .debug_loc     0x00008934      0x4e7 ..\obj\answerFrameModbus.o
 .debug_loc     0x00008e1b       0xe5 ..\obj\usart2.o
 .debug_loc     0x00008f00       0xe5 ..\obj\uart5.o
 .debug_loc     0x00008fe5       0xf0 ..\obj\usart3.o
 .debug_loc     0x000090d5      0x13d ..\obj\misc.o
 .debug_loc     0x00009212      0x337 ..\obj\answerModbusUsart2.o
 .debug_loc     0x00009549      0xfcf ..\obj\frame_modbus.o
 .debug_loc     0x0000a518       0xb9 ..\obj\adc1.o
 .debug_loc     0x0000a5d1      0x672 ..\obj\vbkp.o
 .debug_loc     0x0000ac43       0xee ..\obj\stm32f10x_bkp.o
 .debug_loc     0x0000ad31       0x62 ..\obj\stm32f10x_iwdg.o

.debug_aranges  0x00000000     0x1460
 .debug_aranges
                0x00000000       0x88 ..\obj\stm32f10x_rtc.o
 .debug_aranges
                0x00000088      0x2e0 ..\obj\stm32f10x_tim.o
 .debug_aranges
                0x00000368       0x30 ..\obj\sigpwm.o
 .debug_aranges
                0x00000398       0x50 ..\obj\sleep_reset.o
 .debug_aranges
                0x000003e8       0x48 ..\obj\flash.o
 .debug_aranges
                0x00000430       0x50 ..\obj\bkp16.o
 .debug_aranges
                0x00000480       0x30 ..\obj\stm32f10x_dbgmcu.o
 .debug_aranges
                0x000004b0       0x20 ..\obj\iwdg.o
 .debug_aranges
                0x000004d0       0x38 ..\obj\rtcalarm.o
 .debug_aranges
                0x00000508       0x28 ..\obj\system_stm32f10x.o
 .debug_aranges
                0x00000530       0x50 ..\obj\config.o
 .debug_aranges
                0x00000580       0x78 ..\obj\common.o
 .debug_aranges
                0x000005f8       0x40 ..\obj\swalarm_v2.o
 .debug_aranges
                0x00000638       0x60 ..\obj\stm32f10x_pwr.o
 .debug_aranges
                0x00000698       0xa8 ..\obj\stm32f10x_gpio.o
 .debug_aranges
                0x00000740       0x58 ..\obj\masterTimer.o
 .debug_aranges
                0x00000798       0x28 ..\obj\main.o
 .debug_aranges
                0x000007c0       0x90 ..\obj\talkingBetweenControllers.o
 .debug_aranges
                0x00000850       0x30 ..\obj\callback.o
 .debug_aranges
                0x00000880      0x178 ..\obj\masterModbus.o
 .debug_aranges
                0x000009f8       0xa8 ..\obj\printf.o
 .debug_aranges
                0x00000aa0      0x120 ..\obj\stm32f10x_rcc.o
 .debug_aranges
                0x00000bc0       0x58 ..\obj\stm32f10x_exti.o
 .debug_aranges
                0x00000c18      0x138 ..\obj\stm32f10x_adc.o
 .debug_aranges
                0x00000d50      0x100 ..\obj\stm32f10x_usart.o
 .debug_aranges
                0x00000e50       0x28 ..\obj\startup_stm32f10x_hd_vl.o
 .debug_aranges
                0x00000e78       0x28 ..\obj\crc.o
 .debug_aranges
                0x00000ea0       0x58 ..\obj\usart_v3.o
 .debug_aranges
                0x00000ef8       0x20 ..\obj\global.o
 .debug_aranges
                0x00000f18       0xf8 ..\obj\stm32f10x_flash.o
 .debug_aranges
                0x00001010       0x40 ..\obj\usart1.o
 .debug_aranges
                0x00001050       0x70 ..\obj\stm32f10x_dma.o
 .debug_aranges
                0x000010c0       0x40 ..\obj\uart4.o
 .debug_aranges
                0x00001100       0x38 ..\obj\answerFrameModbus.o
 .debug_aranges
                0x00001138       0x40 ..\obj\usart2.o
 .debug_aranges
                0x00001178       0x40 ..\obj\uart5.o
 .debug_aranges
                0x000011b8       0x40 ..\obj\usart3.o
 .debug_aranges
                0x000011f8       0x40 ..\obj\misc.o
 .debug_aranges
                0x00001238       0x28 ..\obj\answerModbusUsart2.o
 .debug_aranges
                0x00001260       0x68 ..\obj\frame_modbus.o
 .debug_aranges
                0x000012c8       0x38 ..\obj\irq_v2.o
 .debug_aranges
                0x00001300       0x38 ..\obj\adc1.o
 .debug_aranges
                0x00001338       0x48 ..\obj\vbkp.o
 .debug_aranges
                0x00001380       0x78 ..\obj\stm32f10x_bkp.o
 .debug_aranges
                0x000013f8       0x20 ..\obj\clock.o
 .debug_aranges
                0x00001418       0x48 ..\obj\stm32f10x_iwdg.o

.debug_ranges   0x00000000     0x1490
 .debug_ranges  0x00000000       0x78 ..\obj\stm32f10x_rtc.o
 .debug_ranges  0x00000078      0x300 ..\obj\stm32f10x_tim.o
 .debug_ranges  0x00000378       0x20 ..\obj\sigpwm.o
 .debug_ranges  0x00000398       0x40 ..\obj\sleep_reset.o
 .debug_ranges  0x000003d8       0x38 ..\obj\flash.o
 .debug_ranges  0x00000410       0x40 ..\obj\bkp16.o
 .debug_ranges  0x00000450       0x20 ..\obj\stm32f10x_dbgmcu.o
 .debug_ranges  0x00000470       0x10 ..\obj\iwdg.o
 .debug_ranges  0x00000480       0x28 ..\obj\rtcalarm.o
 .debug_ranges  0x000004a8       0x30 ..\obj\system_stm32f10x.o
 .debug_ranges  0x000004d8       0x40 ..\obj\config.o
 .debug_ranges  0x00000518       0x68 ..\obj\common.o
 .debug_ranges  0x00000580       0x60 ..\obj\swalarm_v2.o
 .debug_ranges  0x000005e0       0x50 ..\obj\stm32f10x_pwr.o
 .debug_ranges  0x00000630       0x98 ..\obj\stm32f10x_gpio.o
 .debug_ranges  0x000006c8       0x48 ..\obj\masterTimer.o
 .debug_ranges  0x00000710       0x18 ..\obj\main.o
 .debug_ranges  0x00000728       0xb0 ..\obj\talkingBetweenControllers.o
 .debug_ranges  0x000007d8       0x50 ..\obj\callback.o
 .debug_ranges  0x00000828      0x1d0 ..\obj\masterModbus.o
 .debug_ranges  0x000009f8       0x98 ..\obj\printf.o
 .debug_ranges  0x00000a90      0x110 ..\obj\stm32f10x_rcc.o
 .debug_ranges  0x00000ba0       0x48 ..\obj\stm32f10x_exti.o
 .debug_ranges  0x00000be8      0x128 ..\obj\stm32f10x_adc.o
 .debug_ranges  0x00000d10       0xf0 ..\obj\stm32f10x_usart.o
 .debug_ranges  0x00000e00       0x18 ..\obj\startup_stm32f10x_hd_vl.o
 .debug_ranges  0x00000e18       0x18 ..\obj\crc.o
 .debug_ranges  0x00000e30       0x48 ..\obj\usart_v3.o
 .debug_ranges  0x00000e78       0x10 ..\obj\global.o
 .debug_ranges  0x00000e88       0xe8 ..\obj\stm32f10x_flash.o
 .debug_ranges  0x00000f70       0x30 ..\obj\usart1.o
 .debug_ranges  0x00000fa0       0x60 ..\obj\stm32f10x_dma.o
 .debug_ranges  0x00001000       0x30 ..\obj\uart4.o
 .debug_ranges  0x00001030       0x28 ..\obj\answerFrameModbus.o
 .debug_ranges  0x00001058       0x30 ..\obj\usart2.o
 .debug_ranges  0x00001088       0x30 ..\obj\uart5.o
 .debug_ranges  0x000010b8       0x30 ..\obj\usart3.o
 .debug_ranges  0x000010e8       0x30 ..\obj\misc.o
 .debug_ranges  0x00001118       0x18 ..\obj\answerModbusUsart2.o
 .debug_ranges  0x00001130      0x198 ..\obj\frame_modbus.o
 .debug_ranges  0x000012c8       0x28 ..\obj\irq_v2.o
 .debug_ranges  0x000012f0       0x28 ..\obj\adc1.o
 .debug_ranges  0x00001318       0xc8 ..\obj\vbkp.o
 .debug_ranges  0x000013e0       0x68 ..\obj\stm32f10x_bkp.o
 .debug_ranges  0x00001448       0x10 ..\obj\clock.o
 .debug_ranges  0x00001458       0x38 ..\obj\stm32f10x_iwdg.o

.debug_line     0x00000000     0xad84
 .debug_line    0x00000000      0x2b8 ..\obj\stm32f10x_rtc.o
 .debug_line    0x000002b8      0xa5e ..\obj\stm32f10x_tim.o
 .debug_line    0x00000d16      0x322 ..\obj\sigpwm.o
 .debug_line    0x00001038      0x3ee ..\obj\sleep_reset.o
 .debug_line    0x00001426      0x41f ..\obj\flash.o
 .debug_line    0x00001845      0x372 ..\obj\bkp16.o
 .debug_line    0x00001bb7      0x1d6 ..\obj\stm32f10x_dbgmcu.o
 .debug_line    0x00001d8d      0x2fc ..\obj\iwdg.o
 .debug_line    0x00002089      0x408 ..\obj\rtcalarm.o
 .debug_line    0x00002491      0x1df ..\obj\system_stm32f10x.o
 .debug_line    0x00002670      0x3ba ..\obj\config.o
 .debug_line    0x00002a2a      0x3b8 ..\obj\common.o
 .debug_line    0x00002de2      0x3f7 ..\obj\swalarm_v2.o
 .debug_line    0x000031d9      0x2a6 ..\obj\stm32f10x_pwr.o
 .debug_line    0x0000347f      0x39c ..\obj\stm32f10x_gpio.o
 .debug_line    0x0000381b      0x447 ..\obj\masterTimer.o
 .debug_line    0x00003c62      0x459 ..\obj\main.o
 .debug_line    0x000040bb      0x551 ..\obj\talkingBetweenControllers.o
 .debug_line    0x0000460c      0x306 ..\obj\callback.o
 .debug_line    0x00004912      0x992 ..\obj\masterModbus.o
 .debug_line    0x000052a4      0x52e ..\obj\printf.o
 .debug_line    0x000057d2      0x496 ..\obj\stm32f10x_rcc.o
 .debug_line    0x00005c68      0x293 ..\obj\stm32f10x_exti.o
 .debug_line    0x00005efb      0x511 ..\obj\stm32f10x_adc.o
 .debug_line    0x0000640c      0x46c ..\obj\stm32f10x_usart.o
 .debug_line    0x00006878       0x91 ..\obj\startup_stm32f10x_hd_vl.o
 .debug_line    0x00006909      0x2ef ..\obj\crc.o
 .debug_line    0x00006bf8      0x3f8 ..\obj\usart_v3.o
 .debug_line    0x00006ff0      0x2d4 ..\obj\global.o
 .debug_line    0x000072c4      0x4ed ..\obj\stm32f10x_flash.o
 .debug_line    0x000077b1      0x3c0 ..\obj\usart1.o
 .debug_line    0x00007b71      0x2de ..\obj\stm32f10x_dma.o
 .debug_line    0x00007e4f      0x3c0 ..\obj\uart4.o
 .debug_line    0x0000820f      0x42b ..\obj\answerFrameModbus.o
 .debug_line    0x0000863a      0x3ba ..\obj\usart2.o
 .debug_line    0x000089f4      0x3bb ..\obj\uart5.o
 .debug_line    0x00008daf      0x3cb ..\obj\usart3.o
 .debug_line    0x0000917a      0x22f ..\obj\misc.o
 .debug_line    0x000093a9      0x358 ..\obj\answerModbusUsart2.o
 .debug_line    0x00009701      0x6b7 ..\obj\frame_modbus.o
 .debug_line    0x00009db8       0x7c ..\obj\irq_v2.o
 .debug_line    0x00009e34      0x396 ..\obj\adc1.o
 .debug_line    0x0000a1ca      0x3fe ..\obj\vbkp.o
 .debug_line    0x0000a5c8      0x2b3 ..\obj\stm32f10x_bkp.o
 .debug_line    0x0000a87b      0x303 ..\obj\clock.o
 .debug_line    0x0000ab7e      0x206 ..\obj\stm32f10x_iwdg.o

.debug_str      0x00000000     0x5fdd
 .debug_str     0x00000000      0x324 ..\obj\stm32f10x_rtc.o
                                0x3b0 (size before relaxing)
 .debug_str     0x00000324      0xba4 ..\obj\stm32f10x_tim.o
                                0xe19 (size before relaxing)
 .debug_str     0x00000ec8      0xad5 ..\obj\sigpwm.o
                                0xe05 (size before relaxing)
 .debug_str     0x0000199d      0x17e ..\obj\sleep_reset.o
                                0xde4 (size before relaxing)
 .debug_str     0x00001b1b      0x13f ..\obj\flash.o
                                0xda9 (size before relaxing)
 .debug_str     0x00001c5a       0xc9 ..\obj\bkp16.o
                                0xd12 (size before relaxing)
 .debug_str     0x00001d23       0x8c ..\obj\stm32f10x_dbgmcu.o
                                0x200 (size before relaxing)
 .debug_str     0x00001daf       0x84 ..\obj\iwdg.o
                                0xcbb (size before relaxing)
 .debug_str     0x00001e33      0x5d5 ..\obj\rtcalarm.o
                               0x1310 (size before relaxing)
 .debug_str     0x00002408       0xf4 ..\obj\system_stm32f10x.o
                                0x2d8 (size before relaxing)
 .debug_str     0x000024fc      0x126 ..\obj\config.o
                                0xd88 (size before relaxing)
 .debug_str     0x00002622       0xae ..\obj\common.o
                                0xdbe (size before relaxing)
 .debug_str     0x000026d0      0x133 ..\obj\swalarm_v2.o
                                0xdd0 (size before relaxing)
 .debug_str     0x00002803       0xf1 ..\obj\stm32f10x_pwr.o
                                0x347 (size before relaxing)
 .debug_str     0x000028f4      0x33a ..\obj\stm32f10x_gpio.o
                                0x53e (size before relaxing)
 .debug_str     0x00002c2e      0x108 ..\obj\masterTimer.o
                               0x137e (size before relaxing)
 .debug_str     0x00002d36      0x180 ..\obj\main.o
                                0xebf (size before relaxing)
 .debug_str     0x00002eb6      0x2fa ..\obj\talkingBetweenControllers.o
                                0xfd9 (size before relaxing)
 .debug_str     0x000031b0       0x44 ..\obj\callback.o
                                0xcab (size before relaxing)
 .debug_str     0x000031f4      0x387 ..\obj\masterModbus.o
                               0x1473 (size before relaxing)
 .debug_str     0x0000357b      0x114 ..\obj\printf.o
                                0xdd4 (size before relaxing)
 .debug_str     0x0000368f      0x38f ..\obj\stm32f10x_rcc.o
                                0x67b (size before relaxing)
 .debug_str     0x00003a1e       0xda ..\obj\stm32f10x_exti.o
                                0x357 (size before relaxing)
 .debug_str     0x00003af8      0x522 ..\obj\stm32f10x_adc.o
                                0x720 (size before relaxing)
 .debug_str     0x0000401a      0x41e ..\obj\stm32f10x_usart.o
                                0x6de (size before relaxing)
 .debug_str     0x00004438       0xbb ..\obj\startup_stm32f10x_hd_vl.o
                                0x162 (size before relaxing)
 .debug_str     0x000044f3       0x3b ..\obj\crc.o
                                0xc8a (size before relaxing)
 .debug_str     0x0000452e      0x106 ..\obj\usart_v3.o
                                0xf5f (size before relaxing)
 .debug_str     0x00004634       0x5a ..\obj\global.o
                                0xcbf (size before relaxing)
 .debug_str     0x0000468e      0x390 ..\obj\stm32f10x_flash.o
                                0x5f6 (size before relaxing)
 .debug_str     0x00004a1e       0x52 ..\obj\usart1.o
                               0x1311 (size before relaxing)
 .debug_str     0x00004a70      0x212 ..\obj\stm32f10x_dma.o
                                0x3c5 (size before relaxing)
 .debug_str     0x00004c82       0x47 ..\obj\uart4.o
                               0x1336 (size before relaxing)
 .debug_str     0x00004cc9       0xa1 ..\obj\answerFrameModbus.o
                                0xd6e (size before relaxing)
 .debug_str     0x00004d6a       0x4a ..\obj\usart2.o
                               0x1319 (size before relaxing)
 .debug_str     0x00004db4       0x52 ..\obj\uart5.o
                               0x1306 (size before relaxing)
 .debug_str     0x00004e06       0x5b ..\obj\usart3.o
                               0x1328 (size before relaxing)
 .debug_str     0x00004e61       0xf4 ..\obj\misc.o
                                0x3cc (size before relaxing)
 .debug_str     0x00004f55       0x61 ..\obj\answerModbusUsart2.o
                                0xceb (size before relaxing)
 .debug_str     0x00004fb6      0xaac ..\obj\frame_modbus.o
                               0x1947 (size before relaxing)
 .debug_str     0x00005a62       0x6c ..\obj\irq_v2.o
                                 0xe8 (size before relaxing)
 .debug_str     0x00005ace       0x81 ..\obj\adc1.o
                                0xfa5 (size before relaxing)
 .debug_str     0x00005b4f      0x103 ..\obj\vbkp.o
                                0xd71 (size before relaxing)
 .debug_str     0x00005c52      0x2e6 ..\obj\stm32f10x_bkp.o
                                0x5d6 (size before relaxing)
 .debug_str     0x00005f38       0x23 ..\obj\clock.o
                                0xd11 (size before relaxing)
 .debug_str     0x00005f5b       0x82 ..\obj\stm32f10x_iwdg.o
                                0x26a (size before relaxing)

.comment        0x00000000       0x6e
 .comment       0x00000000       0x6e ..\obj\stm32f10x_rtc.o
                                 0x6f (size before relaxing)
 .comment       0x0000006e       0x6f ..\obj\stm32f10x_tim.o
 .comment       0x0000006e       0x6f ..\obj\sigpwm.o
 .comment       0x0000006e       0x6f ..\obj\sleep_reset.o
 .comment       0x0000006e       0x6f ..\obj\flash.o
 .comment       0x0000006e       0x6f ..\obj\bkp16.o
 .comment       0x0000006e       0x6f ..\obj\stm32f10x_dbgmcu.o
 .comment       0x0000006e       0x6f ..\obj\iwdg.o
 .comment       0x0000006e       0x6f ..\obj\rtcalarm.o
 .comment       0x0000006e       0x6f ..\obj\system_stm32f10x.o
 .comment       0x0000006e       0x6f ..\obj\config.o
 .comment       0x0000006e       0x6f ..\obj\common.o
 .comment       0x0000006e       0x6f ..\obj\swalarm_v2.o
 .comment       0x0000006e       0x6f ..\obj\stm32f10x_pwr.o
 .comment       0x0000006e       0x6f ..\obj\stm32f10x_gpio.o
 .comment       0x0000006e       0x6f ..\obj\masterTimer.o
 .comment       0x0000006e       0x6f ..\obj\main.o
 .comment       0x0000006e       0x6f ..\obj\talkingBetweenControllers.o
 .comment       0x0000006e       0x6f ..\obj\callback.o
 .comment       0x0000006e       0x6f ..\obj\masterModbus.o
 .comment       0x0000006e       0x6f ..\obj\printf.o
 .comment       0x0000006e       0x6f ..\obj\stm32f10x_rcc.o
 .comment       0x0000006e       0x6f ..\obj\stm32f10x_exti.o
 .comment       0x0000006e       0x6f ..\obj\stm32f10x_adc.o
 .comment       0x0000006e       0x6f ..\obj\stm32f10x_usart.o
 .comment       0x0000006e       0x6f ..\obj\startup_stm32f10x_hd_vl.o
 .comment       0x0000006e       0x6f ..\obj\crc.o
 .comment       0x0000006e       0x6f ..\obj\usart_v3.o
 .comment       0x0000006e       0x6f ..\obj\global.o
 .comment       0x0000006e       0x6f ..\obj\stm32f10x_flash.o
 .comment       0x0000006e       0x6f ..\obj\usart1.o
 .comment       0x0000006e       0x6f ..\obj\stm32f10x_dma.o
 .comment       0x0000006e       0x6f ..\obj\uart4.o
 .comment       0x0000006e       0x6f ..\obj\answerFrameModbus.o
 .comment       0x0000006e       0x6f ..\obj\usart2.o
 .comment       0x0000006e       0x6f ..\obj\uart5.o
 .comment       0x0000006e       0x6f ..\obj\usart3.o
 .comment       0x0000006e       0x6f ..\obj\misc.o
 .comment       0x0000006e       0x6f ..\obj\answerModbusUsart2.o
 .comment       0x0000006e       0x6f ..\obj\frame_modbus.o
 .comment       0x0000006e       0x6f ..\obj\irq_v2.o
 .comment       0x0000006e       0x6f ..\obj\adc1.o
 .comment       0x0000006e       0x6f ..\obj\vbkp.o
 .comment       0x0000006e       0x6f ..\obj\stm32f10x_bkp.o
 .comment       0x0000006e       0x6f ..\obj\clock.o
 .comment       0x0000006e       0x6f ..\obj\stm32f10x_iwdg.o

.ARM.attributes
                0x00000000       0x31
 .ARM.attributes
                0x00000000       0x33 ..\obj\stm32f10x_rtc.o
 .ARM.attributes
                0x00000033       0x33 ..\obj\stm32f10x_tim.o
 .ARM.attributes
                0x00000066       0x33 ..\obj\sigpwm.o
 .ARM.attributes
                0x00000099       0x33 ..\obj\sleep_reset.o
 .ARM.attributes
                0x000000cc       0x33 ..\obj\flash.o
 .ARM.attributes
                0x000000ff       0x33 ..\obj\bkp16.o
 .ARM.attributes
                0x00000132       0x33 ..\obj\stm32f10x_dbgmcu.o
 .ARM.attributes
                0x00000165       0x33 ..\obj\iwdg.o
 .ARM.attributes
                0x00000198       0x33 ..\obj\rtcalarm.o
 .ARM.attributes
                0x000001cb       0x33 ..\obj\system_stm32f10x.o
 .ARM.attributes
                0x000001fe       0x33 ..\obj\config.o
 .ARM.attributes
                0x00000231       0x33 ..\obj\common.o
 .ARM.attributes
                0x00000264       0x33 ..\obj\swalarm_v2.o
 .ARM.attributes
                0x00000297       0x33 ..\obj\stm32f10x_pwr.o
 .ARM.attributes
                0x000002ca       0x33 ..\obj\stm32f10x_gpio.o
 .ARM.attributes
                0x000002fd       0x33 ..\obj\masterTimer.o
 .ARM.attributes
                0x00000330       0x33 ..\obj\main.o
 .ARM.attributes
                0x00000363       0x33 ..\obj\talkingBetweenControllers.o
 .ARM.attributes
                0x00000396       0x33 ..\obj\callback.o
 .ARM.attributes
                0x000003c9       0x33 ..\obj\masterModbus.o
 .ARM.attributes
                0x000003fc       0x33 ..\obj\printf.o
 .ARM.attributes
                0x0000042f       0x33 ..\obj\stm32f10x_rcc.o
 .ARM.attributes
                0x00000462       0x33 ..\obj\stm32f10x_exti.o
 .ARM.attributes
                0x00000495       0x33 ..\obj\stm32f10x_adc.o
 .ARM.attributes
                0x000004c8       0x33 ..\obj\stm32f10x_usart.o
 .ARM.attributes
                0x000004fb       0x33 ..\obj\startup_stm32f10x_hd_vl.o
 .ARM.attributes
                0x0000052e       0x33 ..\obj\crc.o
 .ARM.attributes
                0x00000561       0x33 ..\obj\usart_v3.o
 .ARM.attributes
                0x00000594       0x33 ..\obj\global.o
 .ARM.attributes
                0x000005c7       0x33 ..\obj\stm32f10x_flash.o
 .ARM.attributes
                0x000005fa       0x33 ..\obj\usart1.o
 .ARM.attributes
                0x0000062d       0x33 ..\obj\stm32f10x_dma.o
 .ARM.attributes
                0x00000660       0x33 ..\obj\uart4.o
 .ARM.attributes
                0x00000693       0x33 ..\obj\answerFrameModbus.o
 .ARM.attributes
                0x000006c6       0x33 ..\obj\usart2.o
 .ARM.attributes
                0x000006f9       0x33 ..\obj\uart5.o
 .ARM.attributes
                0x0000072c       0x33 ..\obj\usart3.o
 .ARM.attributes
                0x0000075f       0x33 ..\obj\misc.o
 .ARM.attributes
                0x00000792       0x33 ..\obj\answerModbusUsart2.o
 .ARM.attributes
                0x000007c5       0x33 ..\obj\frame_modbus.o
 .ARM.attributes
                0x000007f8       0x33 ..\obj\irq_v2.o
 .ARM.attributes
                0x0000082b       0x33 ..\obj\adc1.o
 .ARM.attributes
                0x0000085e       0x33 ..\obj\vbkp.o
 .ARM.attributes
                0x00000891       0x33 ..\obj\stm32f10x_bkp.o
 .ARM.attributes
                0x000008c4       0x33 ..\obj\clock.o
 .ARM.attributes
                0x000008f7       0x33 ..\obj\stm32f10x_iwdg.o
 .ARM.attributes
                0x0000092a       0x1d c:/program files (x86)/gnu tools arm embedded/6.2 2016q4/bin/../lib/gcc/arm-none-eabi/6.2.1/thumb/v7-m\libgcc.a(_arm_muldivsf3.o)
 .ARM.attributes
                0x00000947       0x1d c:/program files (x86)/gnu tools arm embedded/6.2 2016q4/bin/../lib/gcc/arm-none-eabi/6.2.1/thumb/v7-m\libgcc.a(_arm_fixsfsi.o)
 .ARM.attributes
                0x00000964       0x2d c:/program files (x86)/gnu tools arm embedded/6.2 2016q4/bin/../lib/gcc/arm-none-eabi/6.2.1/../../../../arm-none-eabi/lib/thumb/v7-m\libg.a(lib_a-memcmp.o)
 .ARM.attributes
                0x00000991       0x1b c:/program files (x86)/gnu tools arm embedded/6.2 2016q4/bin/../lib/gcc/arm-none-eabi/6.2.1/../../../../arm-none-eabi/lib/thumb/v7-m\libg.a(lib_a-memcpy.o)
 .ARM.attributes
                0x000009ac       0x2d c:/program files (x86)/gnu tools arm embedded/6.2 2016q4/bin/../lib/gcc/arm-none-eabi/6.2.1/../../../../arm-none-eabi/lib/thumb/v7-m\libg.a(lib_a-memset.o)

.debug_frame    0x00000000     0x2fe0
 .debug_frame   0x00000000      0x108 ..\obj\stm32f10x_rtc.o
 .debug_frame   0x00000108      0x68c ..\obj\stm32f10x_tim.o
 .debug_frame   0x00000794       0x48 ..\obj\sigpwm.o
 .debug_frame   0x000007dc       0x98 ..\obj\sleep_reset.o
 .debug_frame   0x00000874       0xb4 ..\obj\flash.o
 .debug_frame   0x00000928       0xc8 ..\obj\bkp16.o
 .debug_frame   0x000009f0       0x40 ..\obj\stm32f10x_dbgmcu.o
 .debug_frame   0x00000a30       0x28 ..\obj\iwdg.o
 .debug_frame   0x00000a58       0x7c ..\obj\rtcalarm.o
 .debug_frame   0x00000ad4       0x3c ..\obj\system_stm32f10x.o
 .debug_frame   0x00000b10       0xb8 ..\obj\config.o
 .debug_frame   0x00000bc8       0xe4 ..\obj\common.o
 .debug_frame   0x00000cac       0xb8 ..\obj\swalarm_v2.o
 .debug_frame   0x00000d64       0xa8 ..\obj\stm32f10x_pwr.o
 .debug_frame   0x00000e0c      0x16c ..\obj\stm32f10x_gpio.o
 .debug_frame   0x00000f78       0xf0 ..\obj\masterTimer.o
 .debug_frame   0x00001068       0x40 ..\obj\main.o
 .debug_frame   0x000010a8      0x1cc ..\obj\talkingBetweenControllers.o
 .debug_frame   0x00001274       0x5c ..\obj\callback.o
 .debug_frame   0x000012d0      0x504 ..\obj\masterModbus.o
 .debug_frame   0x000017d4      0x27c ..\obj\printf.o
 .debug_frame   0x00001a50      0x23c ..\obj\stm32f10x_rcc.o
 .debug_frame   0x00001c8c       0xa0 ..\obj\stm32f10x_exti.o
 .debug_frame   0x00001d2c      0x29c ..\obj\stm32f10x_adc.o
 .debug_frame   0x00001fc8      0x220 ..\obj\stm32f10x_usart.o
 .debug_frame   0x000021e8       0x38 ..\obj\startup_stm32f10x_hd_vl.o
 .debug_frame   0x00002220       0x58 ..\obj\crc.o
 .debug_frame   0x00002278       0xdc ..\obj\usart_v3.o
 .debug_frame   0x00002354       0x28 ..\obj\global.o
 .debug_frame   0x0000237c      0x250 ..\obj\stm32f10x_flash.o
 .debug_frame   0x000025cc       0x8c ..\obj\usart1.o
 .debug_frame   0x00002658       0xcc ..\obj\stm32f10x_dma.o
 .debug_frame   0x00002724       0x8c ..\obj\uart4.o
 .debug_frame   0x000027b0       0xb0 ..\obj\answerFrameModbus.o
 .debug_frame   0x00002860       0x88 ..\obj\usart2.o
 .debug_frame   0x000028e8       0x88 ..\obj\uart5.o
 .debug_frame   0x00002970       0x90 ..\obj\usart3.o
 .debug_frame   0x00002a00       0x60 ..\obj\misc.o
 .debug_frame   0x00002a60       0x5c ..\obj\answerModbusUsart2.o
 .debug_frame   0x00002abc      0x160 ..\obj\frame_modbus.o
 .debug_frame   0x00002c1c       0x50 ..\obj\irq_v2.o
 .debug_frame   0x00002c6c       0x6c ..\obj\adc1.o
 .debug_frame   0x00002cd8       0xbc ..\obj\vbkp.o
 .debug_frame   0x00002d94       0xe8 ..\obj\stm32f10x_bkp.o
 .debug_frame   0x00002e7c       0x28 ..\obj\clock.o
 .debug_frame   0x00002ea4       0x70 ..\obj\stm32f10x_iwdg.o
 .debug_frame   0x00002f14       0x38 c:/program files (x86)/gnu tools arm embedded/6.2 2016q4/bin/../lib/gcc/arm-none-eabi/6.2.1/thumb/v7-m\libgcc.a(_arm_muldivsf3.o)
 .debug_frame   0x00002f4c       0x24 c:/program files (x86)/gnu tools arm embedded/6.2 2016q4/bin/../lib/gcc/arm-none-eabi/6.2.1/thumb/v7-m\libgcc.a(_arm_fixsfsi.o)
 .debug_frame   0x00002f70       0x3c c:/program files (x86)/gnu tools arm embedded/6.2 2016q4/bin/../lib/gcc/arm-none-eabi/6.2.1/../../../../arm-none-eabi/lib/thumb/v7-m\libg.a(lib_a-memcmp.o)
 .debug_frame   0x00002fac       0x34 c:/program files (x86)/gnu tools arm embedded/6.2 2016q4/bin/../lib/gcc/arm-none-eabi/6.2.1/../../../../arm-none-eabi/lib/thumb/v7-m\libg.a(lib_a-memset.o)
