Archive member included to satisfy reference by file (symbol)

c:/program files (x86)/gnu tools arm embedded/6.2 2016q4/bin/../lib/gcc/arm-none-eabi/6.2.1/../../../../arm-none-eabi/lib/thumb/v7-m\libg.a(lib_a-memcpy.o)
                              ..\obj\usart_v2.o (memcpy)
c:/program files (x86)/gnu tools arm embedded/6.2 2016q4/bin/../lib/gcc/arm-none-eabi/6.2.1/../../../../arm-none-eabi/lib/thumb/v7-m\libg.a(lib_a-memset.o)
                              ..\obj\frame_modbus.o (memset)

Allocating common symbols
Common symbol       size              file

Jump_To_Application
                    0x4               ..\obj\main.o
system_timer        0x4               ..\obj\system_timer.o
jumpAddress         0x4               ..\obj\main.o

Discarded input sections

 .text          0x00000000        0x0 ..\obj\stm32f10x_rtc.o
 .data          0x00000000        0x0 ..\obj\stm32f10x_rtc.o
 .bss           0x00000000        0x0 ..\obj\stm32f10x_rtc.o
 .text.RTC_ITConfig
                0x00000000       0x20 ..\obj\stm32f10x_rtc.o
 .text.RTC_GetCounter
                0x00000000       0x14 ..\obj\stm32f10x_rtc.o
 .text.RTC_SetPrescaler
                0x00000000       0x20 ..\obj\stm32f10x_rtc.o
 .text.RTC_SetAlarm
                0x00000000       0x1c ..\obj\stm32f10x_rtc.o
 .text.RTC_GetDivider
                0x00000000       0x18 ..\obj\stm32f10x_rtc.o
 .text.RTC_WaitForLastTask
                0x00000000       0x10 ..\obj\stm32f10x_rtc.o
 .text.RTC_WaitForSynchro
                0x00000000       0x1c ..\obj\stm32f10x_rtc.o
 .text.RTC_GetFlagStatus
                0x00000000       0x14 ..\obj\stm32f10x_rtc.o
 .text.RTC_ClearFlag
                0x00000000       0x14 ..\obj\stm32f10x_rtc.o
 .text.RTC_GetITStatus
                0x00000000       0x24 ..\obj\stm32f10x_rtc.o
 .text.RTC_ClearITPendingBit
                0x00000000       0x14 ..\obj\stm32f10x_rtc.o
 .text          0x00000000        0x0 ..\obj\stm32f10x_tim.o
 .data          0x00000000        0x0 ..\obj\stm32f10x_tim.o
 .bss           0x00000000        0x0 ..\obj\stm32f10x_tim.o
 .text.TI1_Config
                0x00000000       0x74 ..\obj\stm32f10x_tim.o
 .text.TI2_Config
                0x00000000       0x78 ..\obj\stm32f10x_tim.o
 .text.TIM_DeInit
                0x00000000      0x20c ..\obj\stm32f10x_tim.o
 .text.TIM_OC1Init
                0x00000000       0x8c ..\obj\stm32f10x_tim.o
 .text.TIM_OC2Init
                0x00000000       0x84 ..\obj\stm32f10x_tim.o
 .text.TIM_OC3Init
                0x00000000       0x80 ..\obj\stm32f10x_tim.o
 .text.TIM_OC4Init
                0x00000000       0x6c ..\obj\stm32f10x_tim.o
 .text.TIM_BDTRConfig
                0x00000000       0x22 ..\obj\stm32f10x_tim.o
 .text.TIM_OCStructInit
                0x00000000       0x14 ..\obj\stm32f10x_tim.o
 .text.TIM_ICStructInit
                0x00000000       0x10 ..\obj\stm32f10x_tim.o
 .text.TIM_BDTRStructInit
                0x00000000       0x12 ..\obj\stm32f10x_tim.o
 .text.TIM_CtrlPWMOutputs
                0x00000000       0x24 ..\obj\stm32f10x_tim.o
 .text.TIM_GenerateEvent
                0x00000000        0x4 ..\obj\stm32f10x_tim.o
 .text.TIM_DMAConfig
                0x00000000        0x8 ..\obj\stm32f10x_tim.o
 .text.TIM_DMACmd
                0x00000000       0x18 ..\obj\stm32f10x_tim.o
 .text.TIM_InternalClockConfig
                0x00000000        0xe ..\obj\stm32f10x_tim.o
 .text.TIM_ITRxExternalClockConfig
                0x00000000       0x1a ..\obj\stm32f10x_tim.o
 .text.TIM_TIxExternalClockConfig
                0x00000000       0x34 ..\obj\stm32f10x_tim.o
 .text.TIM_ETRConfig
                0x00000000       0x16 ..\obj\stm32f10x_tim.o
 .text.TIM_ETRClockMode1Config
                0x00000000       0x1a ..\obj\stm32f10x_tim.o
 .text.TIM_ETRClockMode2Config
                0x00000000       0x14 ..\obj\stm32f10x_tim.o
 .text.TIM_PrescalerConfig
                0x00000000        0x6 ..\obj\stm32f10x_tim.o
 .text.TIM_CounterModeConfig
                0x00000000       0x10 ..\obj\stm32f10x_tim.o
 .text.TIM_SelectInputTrigger
                0x00000000       0x10 ..\obj\stm32f10x_tim.o
 .text.TIM_EncoderInterfaceConfig
                0x00000000       0x3e ..\obj\stm32f10x_tim.o
 .text.TIM_ForcedOC1Config
                0x00000000       0x10 ..\obj\stm32f10x_tim.o
 .text.TIM_ForcedOC2Config
                0x00000000       0x14 ..\obj\stm32f10x_tim.o
 .text.TIM_ForcedOC3Config
                0x00000000       0x10 ..\obj\stm32f10x_tim.o
 .text.TIM_ForcedOC4Config
                0x00000000       0x14 ..\obj\stm32f10x_tim.o
 .text.TIM_ARRPreloadConfig
                0x00000000       0x1c ..\obj\stm32f10x_tim.o
 .text.TIM_SelectCOM
                0x00000000       0x1c ..\obj\stm32f10x_tim.o
 .text.TIM_SelectCCDMA
                0x00000000       0x1c ..\obj\stm32f10x_tim.o
 .text.TIM_CCPreloadControl
                0x00000000       0x1c ..\obj\stm32f10x_tim.o
 .text.TIM_OC1PreloadConfig
                0x00000000       0x10 ..\obj\stm32f10x_tim.o
 .text.TIM_OC2PreloadConfig
                0x00000000       0x14 ..\obj\stm32f10x_tim.o
 .text.TIM_OC3PreloadConfig
                0x00000000       0x10 ..\obj\stm32f10x_tim.o
 .text.TIM_OC4PreloadConfig
                0x00000000       0x14 ..\obj\stm32f10x_tim.o
 .text.TIM_OC1FastConfig
                0x00000000       0x10 ..\obj\stm32f10x_tim.o
 .text.TIM_OC2FastConfig
                0x00000000       0x14 ..\obj\stm32f10x_tim.o
 .text.TIM_OC3FastConfig
                0x00000000       0x10 ..\obj\stm32f10x_tim.o
 .text.TIM_OC4FastConfig
                0x00000000       0x14 ..\obj\stm32f10x_tim.o
 .text.TIM_ClearOC1Ref
                0x00000000       0x10 ..\obj\stm32f10x_tim.o
 .text.TIM_ClearOC2Ref
                0x00000000       0x10 ..\obj\stm32f10x_tim.o
 .text.TIM_ClearOC3Ref
                0x00000000       0x10 ..\obj\stm32f10x_tim.o
 .text.TIM_ClearOC4Ref
                0x00000000       0x10 ..\obj\stm32f10x_tim.o
 .text.TIM_OC1PolarityConfig
                0x00000000       0x10 ..\obj\stm32f10x_tim.o
 .text.TIM_OC1NPolarityConfig
                0x00000000       0x10 ..\obj\stm32f10x_tim.o
 .text.TIM_OC2PolarityConfig
                0x00000000       0x14 ..\obj\stm32f10x_tim.o
 .text.TIM_OC2NPolarityConfig
                0x00000000       0x14 ..\obj\stm32f10x_tim.o
 .text.TIM_OC3PolarityConfig
                0x00000000       0x14 ..\obj\stm32f10x_tim.o
 .text.TIM_OC3NPolarityConfig
                0x00000000       0x14 ..\obj\stm32f10x_tim.o
 .text.TIM_OC4PolarityConfig
                0x00000000       0x14 ..\obj\stm32f10x_tim.o
 .text.TIM_CCxCmd
                0x00000000       0x20 ..\obj\stm32f10x_tim.o
 .text.TIM_CCxNCmd
                0x00000000       0x20 ..\obj\stm32f10x_tim.o
 .text.TIM_SelectOCxM
                0x00000000       0x4a ..\obj\stm32f10x_tim.o
 .text.TIM_UpdateDisableConfig
                0x00000000       0x1c ..\obj\stm32f10x_tim.o
 .text.TIM_UpdateRequestConfig
                0x00000000       0x1c ..\obj\stm32f10x_tim.o
 .text.TIM_SelectHallSensor
                0x00000000       0x1c ..\obj\stm32f10x_tim.o
 .text.TIM_SelectOnePulseMode
                0x00000000       0x16 ..\obj\stm32f10x_tim.o
 .text.TIM_SelectOutputTrigger
                0x00000000       0x16 ..\obj\stm32f10x_tim.o
 .text.TIM_SelectSlaveMode
                0x00000000       0x16 ..\obj\stm32f10x_tim.o
 .text.TIM_SelectMasterSlaveMode
                0x00000000       0x16 ..\obj\stm32f10x_tim.o
 .text.TIM_SetCounter
                0x00000000        0x4 ..\obj\stm32f10x_tim.o
 .text.TIM_SetAutoreload
                0x00000000        0x4 ..\obj\stm32f10x_tim.o
 .text.TIM_SetCompare1
                0x00000000        0x4 ..\obj\stm32f10x_tim.o
 .text.TIM_SetCompare3
                0x00000000        0x4 ..\obj\stm32f10x_tim.o
 .text.TIM_SetCompare4
                0x00000000        0x6 ..\obj\stm32f10x_tim.o
 .text.TIM_SetIC1Prescaler
                0x00000000       0x16 ..\obj\stm32f10x_tim.o
 .text.TIM_SetIC2Prescaler
                0x00000000       0x1a ..\obj\stm32f10x_tim.o
 .text.TIM_PWMIConfig
                0x00000000       0x66 ..\obj\stm32f10x_tim.o
 .text.TIM_SetIC3Prescaler
                0x00000000       0x16 ..\obj\stm32f10x_tim.o
 .text.TIM_SetIC4Prescaler
                0x00000000       0x1a ..\obj\stm32f10x_tim.o
 .text.TIM_ICInit
                0x00000000      0x140 ..\obj\stm32f10x_tim.o
 .text.TIM_SetClockDivision
                0x00000000       0x16 ..\obj\stm32f10x_tim.o
 .text.TIM_GetCapture1
                0x00000000        0x6 ..\obj\stm32f10x_tim.o
 .text.TIM_GetCapture2
                0x00000000        0x6 ..\obj\stm32f10x_tim.o
 .text.TIM_GetCapture3
                0x00000000        0x6 ..\obj\stm32f10x_tim.o
 .text.TIM_GetCapture4
                0x00000000        0x8 ..\obj\stm32f10x_tim.o
 .text.TIM_GetCounter
                0x00000000        0x6 ..\obj\stm32f10x_tim.o
 .text.TIM_GetPrescaler
                0x00000000        0x6 ..\obj\stm32f10x_tim.o
 .text.TIM_GetFlagStatus
                0x00000000        0xc ..\obj\stm32f10x_tim.o
 .text.TIM_ClearFlag
                0x00000000        0x8 ..\obj\stm32f10x_tim.o
 .text          0x00000000        0x0 ..\obj\system_timer.o
 .data          0x00000000        0x0 ..\obj\system_timer.o
 .text.SysTimer_Subscribe
                0x00000000       0x70 ..\obj\system_timer.o
 .text          0x00000000        0x0 ..\obj\sleep_reset.o
 .data          0x00000000        0x0 ..\obj\sleep_reset.o
 .text.Reset_Try
                0x00000000       0x18 ..\obj\sleep_reset.o
 .text          0x00000000        0x0 ..\obj\startup_stm32f10x_md_vl.o
 .data          0x00000000        0x0 ..\obj\startup_stm32f10x_md_vl.o
 .bss           0x00000000        0x0 ..\obj\startup_stm32f10x_md_vl.o
 .text          0x00000000        0x0 ..\obj\flash.o
 .data          0x00000000        0x0 ..\obj\flash.o
 .bss           0x00000000        0x0 ..\obj\flash.o
 .text.Flash_Protect
                0x00000000       0x24 ..\obj\flash.o
 .text.Flash_WriteProtect
                0x00000000       0x2c ..\obj\flash.o
 .text.Flash_Read
                0x00000000       0x1e ..\obj\flash.o
 .text.Flash_Write2
                0x00000000       0x52 ..\obj\flash.o
 .text.Flash_Write4
                0x00000000       0x58 ..\obj\flash.o
 .debug_info    0x00000000      0xd6a ..\obj\flash.o
 .debug_abbrev  0x00000000      0x292 ..\obj\flash.o
 .debug_loc     0x00000000      0x2a3 ..\obj\flash.o
 .debug_aranges
                0x00000000       0x40 ..\obj\flash.o
 .debug_ranges  0x00000000       0x30 ..\obj\flash.o
 .debug_line    0x00000000      0x3c5 ..\obj\flash.o
 .debug_str     0x00000000      0x778 ..\obj\flash.o
 .comment       0x00000000       0x6f ..\obj\flash.o
 .debug_frame   0x00000000       0x94 ..\obj\flash.o
 .ARM.attributes
                0x00000000       0x33 ..\obj\flash.o
 .text          0x00000000        0x0 ..\obj\stm32f10x_dbgmcu.o
 .data          0x00000000        0x0 ..\obj\stm32f10x_dbgmcu.o
 .bss           0x00000000        0x0 ..\obj\stm32f10x_dbgmcu.o
 .text.DBGMCU_GetREVID
                0x00000000        0xc ..\obj\stm32f10x_dbgmcu.o
 .text.DBGMCU_GetDEVID
                0x00000000       0x10 ..\obj\stm32f10x_dbgmcu.o
 .text.DBGMCU_Config
                0x00000000       0x1c ..\obj\stm32f10x_dbgmcu.o
 .debug_info    0x00000000      0x16d ..\obj\stm32f10x_dbgmcu.o
 .debug_abbrev  0x00000000      0x100 ..\obj\stm32f10x_dbgmcu.o
 .debug_loc     0x00000000       0x3a ..\obj\stm32f10x_dbgmcu.o
 .debug_aranges
                0x00000000       0x30 ..\obj\stm32f10x_dbgmcu.o
 .debug_ranges  0x00000000       0x20 ..\obj\stm32f10x_dbgmcu.o
 .debug_line    0x00000000      0x23c ..\obj\stm32f10x_dbgmcu.o
 .debug_str     0x00000000      0x222 ..\obj\stm32f10x_dbgmcu.o
 .comment       0x00000000       0x6f ..\obj\stm32f10x_dbgmcu.o
 .debug_frame   0x00000000       0x40 ..\obj\stm32f10x_dbgmcu.o
 .ARM.attributes
                0x00000000       0x33 ..\obj\stm32f10x_dbgmcu.o
 .text          0x00000000        0x0 ..\obj\iwdg.o
 .data          0x00000000        0x0 ..\obj\iwdg.o
 .bss           0x00000000        0x0 ..\obj\iwdg.o
 .text          0x00000000        0x0 ..\obj\system_stm32f10x.o
 .data          0x00000000       0x14 ..\obj\system_stm32f10x.o
 .bss           0x00000000        0x0 ..\obj\system_stm32f10x.o
 .text.SystemCoreClockUpdate
                0x00000000       0x88 ..\obj\system_stm32f10x.o
 .text          0x00000000        0x0 ..\obj\tim2_sigpwm.o
 .data          0x00000000        0x0 ..\obj\tim2_sigpwm.o
 .text.SigPwm_Init
                0x00000000       0x90 ..\obj\tim2_sigpwm.o
 .text          0x00000000        0x0 ..\obj\common.o
 .data          0x00000000        0x0 ..\obj\common.o
 .bss           0x00000000        0x0 ..\obj\common.o
 .text.Common_GetPortBySrc
                0x00000000       0x4c ..\obj\common.o
 .text.memrcpy  0x00000000       0x1e ..\obj\common.o
 .text.delay_us
                0x00000000       0x26 ..\obj\common.o
 .text          0x00000000        0x0 ..\obj\stm32f10x_pwr.o
 .data          0x00000000        0x0 ..\obj\stm32f10x_pwr.o
 .bss           0x00000000        0x0 ..\obj\stm32f10x_pwr.o
 .text.PWR_DeInit
                0x00000000       0x18 ..\obj\stm32f10x_pwr.o
 .text.PWR_PVDCmd
                0x00000000        0xc ..\obj\stm32f10x_pwr.o
 .text.PWR_PVDLevelConfig
                0x00000000       0x14 ..\obj\stm32f10x_pwr.o
 .text.PWR_EnterSTANDBYMode
                0x00000000       0x28 ..\obj\stm32f10x_pwr.o
 .text.PWR_GetFlagStatus
                0x00000000       0x14 ..\obj\stm32f10x_pwr.o
 .text.PWR_ClearFlag
                0x00000000       0x10 ..\obj\stm32f10x_pwr.o
 .text          0x00000000        0x0 ..\obj\stm32f10x_gpio.o
 .data          0x00000000        0x0 ..\obj\stm32f10x_gpio.o
 .bss           0x00000000        0x0 ..\obj\stm32f10x_gpio.o
 .text.GPIO_AFIODeInit
                0x00000000       0x14 ..\obj\stm32f10x_gpio.o
 .text.GPIO_StructInit
                0x00000000       0x10 ..\obj\stm32f10x_gpio.o
 .text.GPIO_ReadInputDataBit
                0x00000000        0xc ..\obj\stm32f10x_gpio.o
 .text.GPIO_ReadInputData
                0x00000000        0x6 ..\obj\stm32f10x_gpio.o
 .text.GPIO_ReadOutputDataBit
                0x00000000        0xc ..\obj\stm32f10x_gpio.o
 .text.GPIO_ReadOutputData
                0x00000000        0x6 ..\obj\stm32f10x_gpio.o
 .text.GPIO_WriteBit
                0x00000000        0xa ..\obj\stm32f10x_gpio.o
 .text.GPIO_Write
                0x00000000        0x4 ..\obj\stm32f10x_gpio.o
 .text.GPIO_PinLockConfig
                0x00000000       0x10 ..\obj\stm32f10x_gpio.o
 .text.GPIO_EventOutputConfig
                0x00000000       0x1c ..\obj\stm32f10x_gpio.o
 .text.GPIO_EventOutputCmd
                0x00000000        0xc ..\obj\stm32f10x_gpio.o
 .text.GPIO_EXTILineConfig
                0x00000000       0x2c ..\obj\stm32f10x_gpio.o
 .text.GPIO_ETH_MediaInterfaceConfig
                0x00000000        0xc ..\obj\stm32f10x_gpio.o
 .text          0x00000000        0x0 ..\obj\main.o
 .data          0x00000000        0x0 ..\obj\main.o
 .text          0x00000000        0x0 ..\obj\callback.o
 .data          0x00000000        0x0 ..\obj\callback.o
 .text.Callback_Save
                0x00000000       0x40 ..\obj\callback.o
 .text          0x00000000        0x0 ..\obj\stm32f10x_rcc.o
 .bss           0x00000000        0x0 ..\obj\stm32f10x_rcc.o
 .text.RCC_AdjustHSICalibrationValue
                0x00000000       0x14 ..\obj\stm32f10x_rcc.o
 .text.RCC_PLLConfig
                0x00000000       0x14 ..\obj\stm32f10x_rcc.o
 .text.RCC_PREDIV1Config
                0x00000000       0x18 ..\obj\stm32f10x_rcc.o
 .text.RCC_GetSYSCLKSource
                0x00000000       0x10 ..\obj\stm32f10x_rcc.o
 .text.RCC_ITConfig
                0x00000000       0x1c ..\obj\stm32f10x_rcc.o
 .text.RCC_USBCLKConfig
                0x00000000        0xc ..\obj\stm32f10x_rcc.o
 .text.RCC_ADCCLKConfig
                0x00000000       0x14 ..\obj\stm32f10x_rcc.o
 .text.RCC_LSEConfig
                0x00000000       0x28 ..\obj\stm32f10x_rcc.o
 .text.RCC_LSICmd
                0x00000000        0xc ..\obj\stm32f10x_rcc.o
 .text.RCC_RTCCLKConfig
                0x00000000       0x10 ..\obj\stm32f10x_rcc.o
 .text.RCC_RTCCLKCmd
                0x00000000        0xc ..\obj\stm32f10x_rcc.o
 .text.RCC_AHBPeriphClockCmd
                0x00000000       0x1c ..\obj\stm32f10x_rcc.o
 .text.RCC_BackupResetCmd
                0x00000000        0xc ..\obj\stm32f10x_rcc.o
 .text.RCC_ClockSecuritySystemCmd
                0x00000000        0xc ..\obj\stm32f10x_rcc.o
 .text.RCC_MCOConfig
                0x00000000        0xc ..\obj\stm32f10x_rcc.o
 .text.RCC_GetFlagStatus
                0x00000000       0x28 ..\obj\stm32f10x_rcc.o
 .text.RCC_WaitForHSEStartUp
                0x00000000       0x32 ..\obj\stm32f10x_rcc.o
 .text.RCC_ClearFlag
                0x00000000       0x10 ..\obj\stm32f10x_rcc.o
 .text.RCC_GetITStatus
                0x00000000       0x14 ..\obj\stm32f10x_rcc.o
 .text.RCC_ClearITPendingBit
                0x00000000        0xc ..\obj\stm32f10x_rcc.o
 .text          0x00000000        0x0 ..\obj\stm32f10x_exti.o
 .data          0x00000000        0x0 ..\obj\stm32f10x_exti.o
 .bss           0x00000000        0x0 ..\obj\stm32f10x_exti.o
 .text.EXTI_DeInit
                0x00000000       0x1c ..\obj\stm32f10x_exti.o
 .text.EXTI_Init
                0x00000000       0x8c ..\obj\stm32f10x_exti.o
 .text.EXTI_StructInit
                0x00000000        0xe ..\obj\stm32f10x_exti.o
 .text.EXTI_GenerateSWInterrupt
                0x00000000       0x10 ..\obj\stm32f10x_exti.o
 .text.EXTI_GetFlagStatus
                0x00000000       0x14 ..\obj\stm32f10x_exti.o
 .text.EXTI_ClearFlag
                0x00000000        0xc ..\obj\stm32f10x_exti.o
 .text.EXTI_GetITStatus
                0x00000000       0x1c ..\obj\stm32f10x_exti.o
 .text.EXTI_ClearITPendingBit
                0x00000000        0xc ..\obj\stm32f10x_exti.o
 .debug_info    0x00000000      0x35f ..\obj\stm32f10x_exti.o
 .debug_abbrev  0x00000000      0x175 ..\obj\stm32f10x_exti.o
 .debug_loc     0x00000000      0x1f0 ..\obj\stm32f10x_exti.o
 .debug_aranges
                0x00000000       0x58 ..\obj\stm32f10x_exti.o
 .debug_ranges  0x00000000       0x48 ..\obj\stm32f10x_exti.o
 .debug_line    0x00000000      0x31b ..\obj\stm32f10x_exti.o
 .debug_str     0x00000000      0x379 ..\obj\stm32f10x_exti.o
 .comment       0x00000000       0x6f ..\obj\stm32f10x_exti.o
 .debug_frame   0x00000000       0xa0 ..\obj\stm32f10x_exti.o
 .ARM.attributes
                0x00000000       0x33 ..\obj\stm32f10x_exti.o
 .text          0x00000000        0x0 ..\obj\stm32f10x_adc.o
 .data          0x00000000        0x0 ..\obj\stm32f10x_adc.o
 .bss           0x00000000        0x0 ..\obj\stm32f10x_adc.o
 .text.ADC_DeInit
                0x00000000       0x64 ..\obj\stm32f10x_adc.o
 .text.ADC_Init
                0x00000000       0x48 ..\obj\stm32f10x_adc.o
 .text.ADC_StructInit
                0x00000000       0x12 ..\obj\stm32f10x_adc.o
 .text.ADC_Cmd  0x00000000       0x16 ..\obj\stm32f10x_adc.o
 .text.ADC_DMACmd
                0x00000000       0x16 ..\obj\stm32f10x_adc.o
 .text.ADC_ITConfig
                0x00000000       0x16 ..\obj\stm32f10x_adc.o
 .text.ADC_ResetCalibration
                0x00000000        0xa ..\obj\stm32f10x_adc.o
 .text.ADC_GetResetCalibrationStatus
                0x00000000        0x8 ..\obj\stm32f10x_adc.o
 .text.ADC_StartCalibration
                0x00000000        0xa ..\obj\stm32f10x_adc.o
 .text.ADC_GetCalibrationStatus
                0x00000000        0x8 ..\obj\stm32f10x_adc.o
 .text.ADC_SoftwareStartConvCmd
                0x00000000       0x16 ..\obj\stm32f10x_adc.o
 .text.ADC_GetSoftwareStartConvStatus
                0x00000000        0x8 ..\obj\stm32f10x_adc.o
 .text.ADC_DiscModeChannelCountConfig
                0x00000000       0x10 ..\obj\stm32f10x_adc.o
 .text.ADC_DiscModeCmd
                0x00000000       0x16 ..\obj\stm32f10x_adc.o
 .text.ADC_RegularChannelConfig
                0x00000000       0x8a ..\obj\stm32f10x_adc.o
 .text.ADC_ExternalTrigConvCmd
                0x00000000       0x16 ..\obj\stm32f10x_adc.o
 .text.ADC_GetConversionValue
                0x00000000        0x6 ..\obj\stm32f10x_adc.o
 .text.ADC_GetDualModeConversionValue
                0x00000000        0xc ..\obj\stm32f10x_adc.o
 .text.ADC_AutoInjectedConvCmd
                0x00000000       0x16 ..\obj\stm32f10x_adc.o
 .text.ADC_InjectedDiscModeCmd
                0x00000000       0x16 ..\obj\stm32f10x_adc.o
 .text.ADC_ExternalTrigInjectedConvConfig
                0x00000000        0xc ..\obj\stm32f10x_adc.o
 .text.ADC_ExternalTrigInjectedConvCmd
                0x00000000       0x16 ..\obj\stm32f10x_adc.o
 .text.ADC_SoftwareStartInjectedConvCmd
                0x00000000       0x16 ..\obj\stm32f10x_adc.o
 .text.ADC_GetSoftwareStartInjectedConvCmdStatus
                0x00000000        0x8 ..\obj\stm32f10x_adc.o
 .text.ADC_InjectedChannelConfig
                0x00000000       0x56 ..\obj\stm32f10x_adc.o
 .text.ADC_InjectedSequencerLengthConfig
                0x00000000       0x10 ..\obj\stm32f10x_adc.o
 .text.ADC_SetInjectedOffset
                0x00000000       0x16 ..\obj\stm32f10x_adc.o
 .text.ADC_GetInjectedConversionValue
                0x00000000       0x1a ..\obj\stm32f10x_adc.o
 .text.ADC_AnalogWatchdogCmd
                0x00000000       0x10 ..\obj\stm32f10x_adc.o
 .text.ADC_AnalogWatchdogThresholdsConfig
                0x00000000        0x6 ..\obj\stm32f10x_adc.o
 .text.ADC_AnalogWatchdogSingleChannelConfig
                0x00000000        0xc ..\obj\stm32f10x_adc.o
 .text.ADC_TempSensorVrefintCmd
                0x00000000       0x20 ..\obj\stm32f10x_adc.o
 .text.ADC_GetFlagStatus
                0x00000000        0xc ..\obj\stm32f10x_adc.o
 .text.ADC_ClearFlag
                0x00000000        0x6 ..\obj\stm32f10x_adc.o
 .text.ADC_GetITStatus
                0x00000000       0x1a ..\obj\stm32f10x_adc.o
 .text.ADC_ClearITPendingBit
                0x00000000        0x8 ..\obj\stm32f10x_adc.o
 .debug_info    0x00000000      0xc34 ..\obj\stm32f10x_adc.o
 .debug_abbrev  0x00000000      0x1e4 ..\obj\stm32f10x_adc.o
 .debug_loc     0x00000000      0xb63 ..\obj\stm32f10x_adc.o
 .debug_aranges
                0x00000000      0x138 ..\obj\stm32f10x_adc.o
 .debug_ranges  0x00000000      0x128 ..\obj\stm32f10x_adc.o
 .debug_line    0x00000000      0x599 ..\obj\stm32f10x_adc.o
 .debug_str     0x00000000      0x742 ..\obj\stm32f10x_adc.o
 .comment       0x00000000       0x6f ..\obj\stm32f10x_adc.o
 .debug_frame   0x00000000      0x29c ..\obj\stm32f10x_adc.o
 .ARM.attributes
                0x00000000       0x33 ..\obj\stm32f10x_adc.o
 .text          0x00000000        0x0 ..\obj\stm32f10x_usart.o
 .data          0x00000000        0x0 ..\obj\stm32f10x_usart.o
 .bss           0x00000000        0x0 ..\obj\stm32f10x_usart.o
 .text.USART_StructInit
                0x00000000       0x16 ..\obj\stm32f10x_usart.o
 .text.USART_ClockInit
                0x00000000       0x22 ..\obj\stm32f10x_usart.o
 .text.USART_ClockStructInit
                0x00000000        0xc ..\obj\stm32f10x_usart.o
 .text.USART_DMACmd
                0x00000000       0x18 ..\obj\stm32f10x_usart.o
 .text.USART_SetAddress
                0x00000000       0x16 ..\obj\stm32f10x_usart.o
 .text.USART_WakeUpConfig
                0x00000000       0x16 ..\obj\stm32f10x_usart.o
 .text.USART_ReceiverWakeUpCmd
                0x00000000       0x1c ..\obj\stm32f10x_usart.o
 .text.USART_LINBreakDetectLengthConfig
                0x00000000       0x16 ..\obj\stm32f10x_usart.o
 .text.USART_LINCmd
                0x00000000       0x1c ..\obj\stm32f10x_usart.o
 .text.USART_SendBreak
                0x00000000        0xc ..\obj\stm32f10x_usart.o
 .text.USART_SetGuardTime
                0x00000000       0x12 ..\obj\stm32f10x_usart.o
 .text.USART_SetPrescaler
                0x00000000       0x12 ..\obj\stm32f10x_usart.o
 .text.USART_SmartCardCmd
                0x00000000       0x1c ..\obj\stm32f10x_usart.o
 .text.USART_SmartCardNACKCmd
                0x00000000       0x1c ..\obj\stm32f10x_usart.o
 .text.USART_HalfDuplexCmd
                0x00000000       0x1c ..\obj\stm32f10x_usart.o
 .text.USART_OverSampling8Cmd
                0x00000000       0x1c ..\obj\stm32f10x_usart.o
 .text.USART_OneBitMethodCmd
                0x00000000       0x1c ..\obj\stm32f10x_usart.o
 .text.USART_IrDAConfig
                0x00000000       0x16 ..\obj\stm32f10x_usart.o
 .text.USART_IrDACmd
                0x00000000       0x1c ..\obj\stm32f10x_usart.o
 .text.USART_GetFlagStatus
                0x00000000        0xc ..\obj\stm32f10x_usart.o
 .text.USART_ClearFlag
                0x00000000        0x8 ..\obj\stm32f10x_usart.o
 .text          0x00000000        0x0 ..\obj\crc.o
 .data          0x00000000        0x0 ..\obj\crc.o
 .bss           0x00000000        0x0 ..\obj\crc.o
 .text          0x00000000        0x0 ..\obj\usart_v2.o
 .data          0x00000000        0x0 ..\obj\usart_v2.o
 .text.Usart_Config_Check
                0x00000000       0x50 ..\obj\usart_v2.o
 .text.Usart_Config_SetDefault
                0x00000000       0x12 ..\obj\usart_v2.o
 .text.IsUsartInWork
                0x00000000        0xc ..\obj\usart_v2.o
 .text.Usart_SetVar
                0x00000000       0x14 ..\obj\usart_v2.o
 .text.Usart_Off
                0x00000000       0x68 ..\obj\usart_v2.o
 .text.Usart_sendDec
                0x00000000       0x40 ..\obj\usart_v2.o
 .text.Usart_sendHex
                0x00000000       0x32 ..\obj\usart_v2.o
 .text          0x00000000        0x0 ..\obj\stm32f10x_flash.o
 .data          0x00000000        0x0 ..\obj\stm32f10x_flash.o
 .bss           0x00000000        0x0 ..\obj\stm32f10x_flash.o
 .text.FLASH_SetLatency
                0x00000000       0x14 ..\obj\stm32f10x_flash.o
 .text.FLASH_HalfCycleAccessCmd
                0x00000000       0x18 ..\obj\stm32f10x_flash.o
 .text.FLASH_PrefetchBufferCmd
                0x00000000       0x18 ..\obj\stm32f10x_flash.o
 .text.FLASH_UnlockBank1
                0x00000000       0x18 ..\obj\stm32f10x_flash.o
 .text.FLASH_LockBank1
                0x00000000       0x10 ..\obj\stm32f10x_flash.o
 .text.FLASH_GetUserOptionByte
                0x00000000        0xc ..\obj\stm32f10x_flash.o
 .text.FLASH_GetWriteProtectionOptionByte
                0x00000000        0xc ..\obj\stm32f10x_flash.o
 .text.FLASH_GetReadOutProtectionStatus
                0x00000000       0x10 ..\obj\stm32f10x_flash.o
 .text.FLASH_GetPrefetchBufferStatus
                0x00000000       0x10 ..\obj\stm32f10x_flash.o
 .text.FLASH_ITConfig
                0x00000000       0x1c ..\obj\stm32f10x_flash.o
 .text.FLASH_GetFlagStatus
                0x00000000       0x20 ..\obj\stm32f10x_flash.o
 .text.FLASH_ClearFlag
                0x00000000        0xc ..\obj\stm32f10x_flash.o
 .text.FLASH_GetStatus
                0x00000000       0x34 ..\obj\stm32f10x_flash.o
 .text.FLASH_EraseAllPages
                0x00000000       0x3c ..\obj\stm32f10x_flash.o
 .text.FLASH_EraseOptionBytes
                0x00000000       0x9c ..\obj\stm32f10x_flash.o
 .text.FLASH_ProgramOptionByteData
                0x00000000       0x50 ..\obj\stm32f10x_flash.o
 .text.FLASH_EnableWriteProtection
                0x00000000       0xb0 ..\obj\stm32f10x_flash.o
 .text.FLASH_ReadOutProtection
                0x00000000       0x9c ..\obj\stm32f10x_flash.o
 .text.FLASH_UserOptionByteConfig
                0x00000000       0x60 ..\obj\stm32f10x_flash.o
 .text.FLASH_WaitForLastBank1Operation
                0x00000000       0x28 ..\obj\stm32f10x_flash.o
 .text.FLASH_EraseAllBank1Pages
                0x00000000       0x3c ..\obj\stm32f10x_flash.o
 .text          0x00000000        0x0 ..\obj\stm32f10x_dma.o
 .data          0x00000000        0x0 ..\obj\stm32f10x_dma.o
 .bss           0x00000000        0x0 ..\obj\stm32f10x_dma.o
 .text.DMA_DeInit
                0x00000000      0x128 ..\obj\stm32f10x_dma.o
 .text.DMA_Init
                0x00000000       0x3e ..\obj\stm32f10x_dma.o
 .text.DMA_StructInit
                0x00000000       0x1a ..\obj\stm32f10x_dma.o
 .text.DMA_Cmd  0x00000000       0x1a ..\obj\stm32f10x_dma.o
 .text.DMA_ITConfig
                0x00000000       0x14 ..\obj\stm32f10x_dma.o
 .text.DMA_SetCurrDataCounter
                0x00000000        0x4 ..\obj\stm32f10x_dma.o
 .text.DMA_GetCurrDataCounter
                0x00000000        0x6 ..\obj\stm32f10x_dma.o
 .text.DMA_GetFlagStatus
                0x00000000       0x20 ..\obj\stm32f10x_dma.o
 .text.DMA_ClearFlag
                0x00000000       0x18 ..\obj\stm32f10x_dma.o
 .text.DMA_GetITStatus
                0x00000000       0x20 ..\obj\stm32f10x_dma.o
 .text.DMA_ClearITPendingBit
                0x00000000       0x18 ..\obj\stm32f10x_dma.o
 .debug_info    0x00000000      0x47f ..\obj\stm32f10x_dma.o
 .debug_abbrev  0x00000000      0x18f ..\obj\stm32f10x_dma.o
 .debug_loc     0x00000000      0x18e ..\obj\stm32f10x_dma.o
 .debug_aranges
                0x00000000       0x70 ..\obj\stm32f10x_dma.o
 .debug_ranges  0x00000000       0x60 ..\obj\stm32f10x_dma.o
 .debug_line    0x00000000      0x366 ..\obj\stm32f10x_dma.o
 .debug_str     0x00000000      0x3e7 ..\obj\stm32f10x_dma.o
 .comment       0x00000000       0x6f ..\obj\stm32f10x_dma.o
 .debug_frame   0x00000000       0xcc ..\obj\stm32f10x_dma.o
 .ARM.attributes
                0x00000000       0x33 ..\obj\stm32f10x_dma.o
 .text          0x00000000        0x0 ..\obj\misc.o
 .data          0x00000000        0x0 ..\obj\misc.o
 .bss           0x00000000        0x0 ..\obj\misc.o
 .text.NVIC_PriorityGroupConfig
                0x00000000       0x14 ..\obj\misc.o
 .text.NVIC_Init
                0x00000000       0x64 ..\obj\misc.o
 .text.NVIC_SystemLPConfig
                0x00000000       0x1c ..\obj\misc.o
 .text.SysTick_CLKSourceConfig
                0x00000000       0x18 ..\obj\misc.o
 .text          0x00000000        0x0 ..\obj\frame_modbus.o
 .data          0x00000000        0x0 ..\obj\frame_modbus.o
 .text.FrameModbus_Init
                0x00000000       0x10 ..\obj\frame_modbus.o
 .text          0x00000000        0x0 ..\obj\irq_v2.o
 .data          0x00000000        0x0 ..\obj\irq_v2.o
 .bss           0x00000000        0x0 ..\obj\irq_v2.o
 .text          0x00000000        0x0 ..\obj\stm32f10x_bkp.o
 .data          0x00000000        0x0 ..\obj\stm32f10x_bkp.o
 .bss           0x00000000        0x0 ..\obj\stm32f10x_bkp.o
 .text.BKP_DeInit
                0x00000000       0x10 ..\obj\stm32f10x_bkp.o
 .text.BKP_TamperPinLevelConfig
                0x00000000        0xc ..\obj\stm32f10x_bkp.o
 .text.BKP_TamperPinCmd
                0x00000000        0xc ..\obj\stm32f10x_bkp.o
 .text.BKP_ITConfig
                0x00000000        0xc ..\obj\stm32f10x_bkp.o
 .text.BKP_RTCOutputConfig
                0x00000000       0x18 ..\obj\stm32f10x_bkp.o
 .text.BKP_SetRTCCalibrationValue
                0x00000000       0x18 ..\obj\stm32f10x_bkp.o
 .text.BKP_GetFlagStatus
                0x00000000        0xc ..\obj\stm32f10x_bkp.o
 .text.BKP_ClearFlag
                0x00000000       0x14 ..\obj\stm32f10x_bkp.o
 .text.BKP_GetITStatus
                0x00000000        0xc ..\obj\stm32f10x_bkp.o
 .text.BKP_ClearITPendingBit
                0x00000000       0x14 ..\obj\stm32f10x_bkp.o
 .text          0x00000000        0x0 ..\obj\stm32f10x_iwdg.o
 .data          0x00000000        0x0 ..\obj\stm32f10x_iwdg.o
 .bss           0x00000000        0x0 ..\obj\stm32f10x_iwdg.o
 .text.IWDG_GetFlagStatus
                0x00000000       0x14 ..\obj\stm32f10x_iwdg.o
 .data          0x00000000        0x0 c:/program files (x86)/gnu tools arm embedded/6.2 2016q4/bin/../lib/gcc/arm-none-eabi/6.2.1/../../../../arm-none-eabi/lib/thumb/v7-m\libg.a(lib_a-memcpy.o)
 .bss           0x00000000        0x0 c:/program files (x86)/gnu tools arm embedded/6.2 2016q4/bin/../lib/gcc/arm-none-eabi/6.2.1/../../../../arm-none-eabi/lib/thumb/v7-m\libg.a(lib_a-memcpy.o)
 .text          0x00000000        0x0 c:/program files (x86)/gnu tools arm embedded/6.2 2016q4/bin/../lib/gcc/arm-none-eabi/6.2.1/../../../../arm-none-eabi/lib/thumb/v7-m\libg.a(lib_a-memset.o)
 .data          0x00000000        0x0 c:/program files (x86)/gnu tools arm embedded/6.2 2016q4/bin/../lib/gcc/arm-none-eabi/6.2.1/../../../../arm-none-eabi/lib/thumb/v7-m\libg.a(lib_a-memset.o)
 .bss           0x00000000        0x0 c:/program files (x86)/gnu tools arm embedded/6.2 2016q4/bin/../lib/gcc/arm-none-eabi/6.2.1/../../../../arm-none-eabi/lib/thumb/v7-m\libg.a(lib_a-memset.o)

Memory Configuration

Name             Origin             Length             Attributes
rom              0x08000000         0x00009000         xr
ram              0x20000000         0x00002000         xrw
*default*        0x00000000         0xffffffff

Linker script and memory map

                0x20002000                _eram = 0x20002000

.text           0x08000000     0x2288
 *(.isr_vector)
 .isr_vector    0x08000000      0x124 ..\obj\startup_stm32f10x_md_vl.o
                0x08000000                g_pfnVectors
 *(.text*)
 .text.RTC_EnterConfigMode
                0x08000124       0x14 ..\obj\stm32f10x_rtc.o
                0x08000124                RTC_EnterConfigMode
 .text.RTC_ExitConfigMode
                0x08000138       0x14 ..\obj\stm32f10x_rtc.o
                0x08000138                RTC_ExitConfigMode
 .text.RTC_SetCounter
                0x0800014c       0x1c ..\obj\stm32f10x_rtc.o
                0x0800014c                RTC_SetCounter
 .text.TIM_TimeBaseInit
                0x08000168       0xa0 ..\obj\stm32f10x_tim.o
                0x08000168                TIM_TimeBaseInit
 .text.TIM_TimeBaseStructInit
                0x08000208       0x12 ..\obj\stm32f10x_tim.o
                0x08000208                TIM_TimeBaseStructInit
 .text.TIM_Cmd  0x0800021a       0x1c ..\obj\stm32f10x_tim.o
                0x0800021a                TIM_Cmd
 .text.TIM_ITConfig
                0x08000236       0x18 ..\obj\stm32f10x_tim.o
                0x08000236                TIM_ITConfig
 .text.TIM_SetCompare2
                0x0800024e        0x4 ..\obj\stm32f10x_tim.o
                0x0800024e                TIM_SetCompare2
 .text.TIM_GetITStatus
                0x08000252       0x18 ..\obj\stm32f10x_tim.o
                0x08000252                TIM_GetITStatus
 .text.TIM_ClearITPendingBit
                0x0800026a        0x8 ..\obj\stm32f10x_tim.o
                0x0800026a                TIM_ClearITPendingBit
 *fill*         0x08000272        0x2 
 .text.SysTimer_Init
                0x08000274       0x28 ..\obj\system_timer.o
                0x08000274                SysTimer_Init
 .text.SysTick_Handler
                0x0800029c       0x2c ..\obj\system_timer.o
                0x0800029c                SysTick_Handler
 .text.NVIC_SystemReset
                0x080002c8       0x20 ..\obj\sleep_reset.o
 .text.SleepReset_Init
                0x080002e8       0x10 ..\obj\sleep_reset.o
                0x080002e8                SleepReset_Init
 .text.Sleep_Config
                0x080002f8       0x1c ..\obj\sleep_reset.o
                0x080002f8                Sleep_Config
 .text.Reset_Config
                0x08000314       0x1c ..\obj\sleep_reset.o
                0x08000314                Reset_Config
 .text.Sleep_Try
                0x08000330       0x38 ..\obj\sleep_reset.o
                0x08000330                Sleep_Try
 .text.Reset_Soft
                0x08000368        0xc ..\obj\sleep_reset.o
                0x08000368                Reset_Soft
 .text.Default_Handler
                0x08000374        0x2 ..\obj\startup_stm32f10x_md_vl.o
                0x08000374                EXTI2_IRQHandler
                0x08000374                DebugMon_Handler
                0x08000374                TIM1_CC_IRQHandler
                0x08000374                PVD_IRQHandler
                0x08000374                PendSV_Handler
                0x08000374                NMI_Handler
                0x08000374                EXTI3_IRQHandler
                0x08000374                EXTI0_IRQHandler
                0x08000374                I2C2_EV_IRQHandler
                0x08000374                SPI1_IRQHandler
                0x08000374                TAMPER_IRQHandler
                0x08000374                TIM6_DAC_IRQHandler
                0x08000374                DMA1_Channel4_IRQHandler
                0x08000374                ADC1_IRQHandler
                0x08000374                RTC_IRQHandler
                0x08000374                DMA1_Channel7_IRQHandler
                0x08000374                TIM4_IRQHandler
                0x08000374                I2C1_EV_IRQHandler
                0x08000374                DMA1_Channel6_IRQHandler
                0x08000374                TIM3_IRQHandler
                0x08000374                RCC_IRQHandler
                0x08000374                DMA1_Channel1_IRQHandler
                0x08000374                CEC_IRQHandler
                0x08000374                EXTI15_10_IRQHandler
                0x08000374                TIM7_IRQHandler
                0x08000374                EXTI9_5_IRQHandler
                0x08000374                SPI2_IRQHandler
                0x08000374                SVC_Handler
                0x08000374                DMA1_Channel5_IRQHandler
                0x08000374                EXTI4_IRQHandler
                0x08000374                TIM1_TRG_COM_TIM17_IRQHandler
                0x08000374                DMA1_Channel3_IRQHandler
                0x08000374                WWDG_IRQHandler
                0x08000374                EXTI1_IRQHandler
                0x08000374                RTCAlarm_IRQHandler
                0x08000374                USART2_IRQHandler
                0x08000374                I2C2_ER_IRQHandler
                0x08000374                DMA1_Channel2_IRQHandler
                0x08000374                FLASH_IRQHandler
                0x08000374                USART1_IRQHandler
                0x08000374                I2C1_ER_IRQHandler
                0x08000374                TIM1_BRK_TIM15_IRQHandler
 *fill*         0x08000376        0x2 
 .text.Default_Reset_Handler
                0x08000378       0x5c ..\obj\startup_stm32f10x_md_vl.o
                0x08000378                Default_Reset_Handler
                0x08000378                Reset_Handler
 .text.IWDG_Init
                0x080003d4       0x22 ..\obj\iwdg.o
                0x080003d4                IWDG_Init
 *fill*         0x080003f6        0x2 
 .text.SystemInit
                0x080003f8       0xe0 ..\obj\system_stm32f10x.o
                0x080003f8                SystemInit
 .text.TIM2_IRQHandler
                0x080004d8       0x3c ..\obj\tim2_sigpwm.o
                0x080004d8                TIM2_IRQHandler
 .text.Override_RTC_GetCounter
                0x08000514       0x1c ..\obj\common.o
                0x08000514                Override_RTC_GetCounter
 .text.memrcpy_u16
                0x08000530        0x8 ..\obj\common.o
                0x08000530                memrcpy_u16
 .text.memrcpy_u32
                0x08000538       0x10 ..\obj\common.o
                0x08000538                memrcpy_u32
 .text.memcpy_u16
                0x08000548        0x8 ..\obj\common.o
                0x08000548                memcpy_u16
 .text.memcpy_u32
                0x08000550       0x10 ..\obj\common.o
                0x08000550                memcpy_u32
 .text.memrget_u32
                0x08000560       0x16 ..\obj\common.o
                0x08000560                memrget_u32
 .text.memget_u32
                0x08000576       0x16 ..\obj\common.o
                0x08000576                memget_u32
 .text.memrget_u16
                0x0800058c        0xc ..\obj\common.o
                0x0800058c                memrget_u16
 .text.memget_u16
                0x08000598        0xc ..\obj\common.o
                0x08000598                memget_u16
 .text.PWR_BackupAccessCmd
                0x080005a4        0xc ..\obj\stm32f10x_pwr.o
                0x080005a4                PWR_BackupAccessCmd
 .text.PWR_WakeUpPinCmd
                0x080005b0        0xc ..\obj\stm32f10x_pwr.o
                0x080005b0                PWR_WakeUpPinCmd
 .text.PWR_EnterSTOPMode
                0x080005bc       0x34 ..\obj\stm32f10x_pwr.o
                0x080005bc                PWR_EnterSTOPMode
 .text.GPIO_DeInit
                0x080005f0       0xcc ..\obj\stm32f10x_gpio.o
                0x080005f0                GPIO_DeInit
 .text.GPIO_Init
                0x080006bc       0xa4 ..\obj\stm32f10x_gpio.o
                0x080006bc                GPIO_Init
 .text.GPIO_SetBits
                0x08000760        0x4 ..\obj\stm32f10x_gpio.o
                0x08000760                GPIO_SetBits
 .text.GPIO_ResetBits
                0x08000764        0x4 ..\obj\stm32f10x_gpio.o
                0x08000764                GPIO_ResetBits
 .text.GPIO_PinRemapConfig
                0x08000768       0x6c ..\obj\stm32f10x_gpio.o
                0x08000768                GPIO_PinRemapConfig
 .text.init_power
                0x080007d4       0x60 ..\obj\main.o
                0x080007d4                init_power
 .text.init_gpio
                0x08000834       0x90 ..\obj\main.o
                0x08000834                init_gpio
 .text.TIM1_UP_TIM16_IRQHandler
                0x080008c4       0xf8 ..\obj\main.o
                0x080008c4                TIM1_UP_TIM16_IRQHandler
 .text.main     0x080009bc      0x108 ..\obj\main.o
                0x080009bc                main
 .text.Callback_Init
                0x08000ac4       0x18 ..\obj\callback.o
                0x08000ac4                Callback_Init
 .text.Callback_Action
                0x08000adc       0x28 ..\obj\callback.o
                0x08000adc                Callback_Action
 .text.RCC_DeInit
                0x08000b04       0x44 ..\obj\stm32f10x_rcc.o
                0x08000b04                RCC_DeInit
 .text.RCC_HSEConfig
                0x08000b48       0x3c ..\obj\stm32f10x_rcc.o
                0x08000b48                RCC_HSEConfig
 .text.RCC_HSICmd
                0x08000b84        0xc ..\obj\stm32f10x_rcc.o
                0x08000b84                RCC_HSICmd
 .text.RCC_PLLCmd
                0x08000b90        0xc ..\obj\stm32f10x_rcc.o
                0x08000b90                RCC_PLLCmd
 .text.RCC_SYSCLKConfig
                0x08000b9c       0x14 ..\obj\stm32f10x_rcc.o
                0x08000b9c                RCC_SYSCLKConfig
 .text.RCC_HCLKConfig
                0x08000bb0       0x14 ..\obj\stm32f10x_rcc.o
                0x08000bb0                RCC_HCLKConfig
 .text.RCC_PCLK1Config
                0x08000bc4       0x14 ..\obj\stm32f10x_rcc.o
                0x08000bc4                RCC_PCLK1Config
 .text.RCC_PCLK2Config
                0x08000bd8       0x14 ..\obj\stm32f10x_rcc.o
                0x08000bd8                RCC_PCLK2Config
 .text.RCC_GetClocksFreq
                0x08000bec       0xb0 ..\obj\stm32f10x_rcc.o
                0x08000bec                RCC_GetClocksFreq
 .text.RCC_APB2PeriphClockCmd
                0x08000c9c       0x1c ..\obj\stm32f10x_rcc.o
                0x08000c9c                RCC_APB2PeriphClockCmd
 .text.RCC_APB1PeriphClockCmd
                0x08000cb8       0x1c ..\obj\stm32f10x_rcc.o
                0x08000cb8                RCC_APB1PeriphClockCmd
 .text.RCC_APB2PeriphResetCmd
                0x08000cd4       0x1c ..\obj\stm32f10x_rcc.o
                0x08000cd4                RCC_APB2PeriphResetCmd
 .text.RCC_APB1PeriphResetCmd
                0x08000cf0       0x1c ..\obj\stm32f10x_rcc.o
                0x08000cf0                RCC_APB1PeriphResetCmd
 .text.USART_DeInit
                0x08000d0c       0xa4 ..\obj\stm32f10x_usart.o
                0x08000d0c                USART_DeInit
 .text.USART_Init
                0x08000db0       0xb8 ..\obj\stm32f10x_usart.o
                0x08000db0                USART_Init
 .text.USART_Cmd
                0x08000e68       0x1c ..\obj\stm32f10x_usart.o
                0x08000e68                USART_Cmd
 .text.USART_ITConfig
                0x08000e84       0x36 ..\obj\stm32f10x_usart.o
                0x08000e84                USART_ITConfig
 .text.USART_SendData
                0x08000eba        0x8 ..\obj\stm32f10x_usart.o
                0x08000eba                USART_SendData
 .text.USART_ReceiveData
                0x08000ec2        0x8 ..\obj\stm32f10x_usart.o
                0x08000ec2                USART_ReceiveData
 .text.USART_GetITStatus
                0x08000eca       0x44 ..\obj\stm32f10x_usart.o
                0x08000eca                USART_GetITStatus
 .text.USART_ClearITPendingBit
                0x08000f0e        0xe ..\obj\stm32f10x_usart.o
                0x08000f0e                USART_ClearITPendingBit
 .text.crc16Modbus
                0x08000f1c       0x3c ..\obj\crc.o
                0x08000f1c                crc16Modbus
 .text.Usart_Init
                0x08000f58       0xc4 ..\obj\usart_v2.o
                0x08000f58                Usart_Init
 .text.Usart_Subscribe
                0x0800101c       0x1c ..\obj\usart_v2.o
                0x0800101c                Usart_Subscribe
 .text.Usart_On
                0x08001038       0xac ..\obj\usart_v2.o
                0x08001038                Usart_On
 .text.Usart_send
                0x080010e4       0x5c ..\obj\usart_v2.o
                0x080010e4                Usart_send
 .text.USART3_IRQHandler
                0x08001140      0x174 ..\obj\usart_v2.o
                0x08001140                USART3_IRQHandler
 .text.FLASH_Unlock
                0x080012b4       0x18 ..\obj\stm32f10x_flash.o
                0x080012b4                FLASH_Unlock
 .text.FLASH_Lock
                0x080012cc       0x10 ..\obj\stm32f10x_flash.o
                0x080012cc                FLASH_Lock
 .text.FLASH_GetBank1Status
                0x080012dc       0x34 ..\obj\stm32f10x_flash.o
                0x080012dc                FLASH_GetBank1Status
 .text.FLASH_WaitForLastOperation
                0x08001310       0x28 ..\obj\stm32f10x_flash.o
                0x08001310                FLASH_WaitForLastOperation
 .text.FLASH_ErasePage
                0x08001338       0x40 ..\obj\stm32f10x_flash.o
                0x08001338                FLASH_ErasePage
 .text.FLASH_ProgramWord
                0x08001378       0x6c ..\obj\stm32f10x_flash.o
                0x08001378                FLASH_ProgramWord
 .text.FLASH_ProgramHalfWord
                0x080013e4       0x3c ..\obj\stm32f10x_flash.o
                0x080013e4                FLASH_ProgramHalfWord
 .text.NVIC_SetVectorTable
                0x08001420       0x14 ..\obj\misc.o
                0x08001420                NVIC_SetVectorTable
 .text._DataGathering
                0x08001434      0x1a4 ..\obj\frame_modbus.o
 .text.FrameModbus_Send
                0x080015d8       0xac ..\obj\frame_modbus.o
                0x080015d8                FrameModbus_Send
 .text.FrameError
                0x08001684       0x1c ..\obj\frame_modbus.o
 .text.FrameModbus_DataProcess
                0x080016a0      0x7d8 ..\obj\frame_modbus.o
                0x080016a0                FrameModbus_DataProcess
 .text.HardFault_Handler
                0x08001e78        0x2 ..\obj\irq_v2.o
                0x08001e78                HardFault_Handler
 .text.MemManage_Handler
                0x08001e7a        0x2 ..\obj\irq_v2.o
                0x08001e7a                MemManage_Handler
 .text.BusFault_Handler
                0x08001e7c        0x2 ..\obj\irq_v2.o
                0x08001e7c                BusFault_Handler
 .text.UsageFault_Handler
                0x08001e7e        0x2 ..\obj\irq_v2.o
                0x08001e7e                UsageFault_Handler
 .text.BKP_WriteBackupRegister
                0x08001e80       0x1c ..\obj\stm32f10x_bkp.o
                0x08001e80                BKP_WriteBackupRegister
 .text.BKP_ReadBackupRegister
                0x08001e9c       0x20 ..\obj\stm32f10x_bkp.o
                0x08001e9c                BKP_ReadBackupRegister
 .text.IWDG_WriteAccessCmd
                0x08001ebc        0xc ..\obj\stm32f10x_iwdg.o
                0x08001ebc                IWDG_WriteAccessCmd
 .text.IWDG_SetPrescaler
                0x08001ec8        0xc ..\obj\stm32f10x_iwdg.o
                0x08001ec8                IWDG_SetPrescaler
 .text.IWDG_SetReload
                0x08001ed4        0xc ..\obj\stm32f10x_iwdg.o
                0x08001ed4                IWDG_SetReload
 .text.IWDG_ReloadCounter
                0x08001ee0       0x10 ..\obj\stm32f10x_iwdg.o
                0x08001ee0                IWDG_ReloadCounter
 .text.IWDG_Enable
                0x08001ef0       0x10 ..\obj\stm32f10x_iwdg.o
                0x08001ef0                IWDG_Enable
 .text          0x08001f00       0xec c:/program files (x86)/gnu tools arm embedded/6.2 2016q4/bin/../lib/gcc/arm-none-eabi/6.2.1/../../../../arm-none-eabi/lib/thumb/v7-m\libg.a(lib_a-memcpy.o)
                0x08001f00                memcpy
 .text.memset   0x08001fec       0x9c c:/program files (x86)/gnu tools arm embedded/6.2 2016q4/bin/../lib/gcc/arm-none-eabi/6.2.1/../../../../arm-none-eabi/lib/thumb/v7-m\libg.a(lib_a-memset.o)
                0x08001fec                memset
 *(.init)
 *(.fini)
 *crtbegin.o(.ctors)
 *crtbegin?.o(.ctors)
 *(EXCLUDE_FILE(*crtend.o *crtend?.o) .ctors)
 *(SORT(.ctors.*))
 *(.ctors)
 *crtbegin.o(.dtors)
 *crtbegin?.o(.dtors)
 *(EXCLUDE_FILE(*crtend.o *crtend?.o) .dtors)
 *(SORT(.dtors.*))
 *(.dtors)
 *(.rodata*)
 .rodata        0x08002088      0x200 ..\obj\tim2_sigpwm.o
                0x08002088                pulsetable
 *(.eh_fram e*)

.glue_7         0x08002288        0x0
 .glue_7        0x08002288        0x0 linker stubs

.glue_7t        0x08002288        0x0
 .glue_7t       0x08002288        0x0 linker stubs

.vfp11_veneer   0x08002288        0x0
 .vfp11_veneer  0x08002288        0x0 linker stubs

.v4_bx          0x08002288        0x0
 .v4_bx         0x08002288        0x0 linker stubs

.iplt           0x08002288        0x0
 .iplt          0x08002288        0x0 ..\obj\stm32f10x_rtc.o

.rel.dyn        0x08002288        0x0
 .rel.iplt      0x08002288        0x0 ..\obj\stm32f10x_rtc.o

.ARM.extab
 *(.ARM.extab* .gnu.linkonce.armextab.*)
                0x08002288                __exidx_start = .

.ARM.exidx
 *(.ARM.exidx* .gnu.linkonce.armexidx.*)
                0x08002288                __exidx_end = .
                0x08002288                __etext = .
                0x08002288                _sidata = __etext

.data           0x20000000       0x14 load address 0x08002288
                0x20000000                __data_start__ = .
                0x20000000                _sdata = __data_start__
 *(vtable)
 *(.data*)
 .data          0x20000000       0x14 ..\obj\stm32f10x_rcc.o
                0x20000014                . = ALIGN (0x4)
                [!provide]                PROVIDE (__preinit_array_start, .)
 *(.preinit_array)
                [!provide]                PROVIDE (__preinit_array_end, .)
                0x20000014                . = ALIGN (0x4)
                [!provide]                PROVIDE (__init_array_start, .)
 *(SORT(.init_array.*))
 *(.init_array)
                [!provide]                PROVIDE (__init_array_end, .)
                0x20000014                . = ALIGN (0x4)
                [!provide]                PROVIDE (__fini_array_start, .)
 *(SORT(.fini_array.*))
 *(.fini_array)
                [!provide]                PROVIDE (__fini_array_end, .)
 *(.jcr*)
                0x20000014                . = ALIGN (0x4)
                0x20000014                __data_end__ = .
                0x20000014                _edata = __data_end__

.igot.plt       0x20000014        0x0 load address 0x0800229c
 .igot.plt      0x20000014        0x0 ..\obj\stm32f10x_rtc.o

.bss            0x20000014      0x7d4 load address 0x0800229c
                0x20000014                . = ALIGN (0x4)
                0x20000014                __bss_start__ = .
                0x20000014                _sbss = __bss_start__
 *(.bss*)
 .bss           0x20000014       0x14 ..\obj\system_timer.o
 .bss           0x20000028        0x5 ..\obj\sleep_reset.o
 .bss           0x2000002d        0x1 ..\obj\tim2_sigpwm.o
 .bss           0x2000002e        0x8 ..\obj\main.o
 *fill*         0x20000036        0x2 
 .bss           0x20000038      0x180 ..\obj\callback.o
 .bss           0x200001b8      0x620 ..\obj\usart_v2.o
 .bss           0x200007d8        0x1 ..\obj\frame_modbus.o
 *(COMMON)
 *fill*         0x200007d9        0x3 
 COMMON         0x200007dc        0x4 ..\obj\system_timer.o
                0x200007dc                system_timer
 COMMON         0x200007e0        0x8 ..\obj\main.o
                0x200007e0                Jump_To_Application
                0x200007e4                jumpAddress
                0x200007e8                . = ALIGN (0x4)
                0x200007e8                __bss_end__ = .
                0x200007e8                _ebss = __bss_end__

.heap           0x200007e8        0x0
                0x200007e8                __end__ = .
                0x200007e8                _end = __end__
                0x200007e8                end = __end__
 *(.heap*)
                0x200007e8                __HeapLimit = .

.co_stack       0x200007e8      0x400 load address 0x08002a70
                0x200007e8                . = ALIGN (0x8)
 *(.co_stack .co_stack.*)
 .co_stack      0x200007e8      0x400 ..\obj\startup_stm32f10x_md_vl.o
                0x200007e8                pulStack
                0x20002000                __StackTop = (ORIGIN (ram) + LENGTH (ram))
                0x20001c00                __StackLimit = (__StackTop - SIZEOF (.co_stack))
                [!provide]                PROVIDE (__stack, __StackTop)
                0x00000001                ASSERT ((__StackLimit >= __HeapLimit), region ram  overflowed with stack)
LOAD ..\obj\stm32f10x_rtc.o
LOAD ..\obj\stm32f10x_tim.o
LOAD ..\obj\system_timer.o
LOAD ..\obj\sleep_reset.o
LOAD ..\obj\startup_stm32f10x_md_vl.o
LOAD ..\obj\flash.o
LOAD ..\obj\stm32f10x_dbgmcu.o
LOAD ..\obj\iwdg.o
LOAD ..\obj\system_stm32f10x.o
LOAD ..\obj\tim2_sigpwm.o
LOAD ..\obj\common.o
LOAD ..\obj\stm32f10x_pwr.o
LOAD ..\obj\stm32f10x_gpio.o
LOAD ..\obj\main.o
LOAD ..\obj\callback.o
LOAD ..\obj\stm32f10x_rcc.o
LOAD ..\obj\stm32f10x_exti.o
LOAD ..\obj\stm32f10x_adc.o
LOAD ..\obj\stm32f10x_usart.o
LOAD ..\obj\crc.o
LOAD ..\obj\usart_v2.o
LOAD ..\obj\stm32f10x_flash.o
LOAD ..\obj\stm32f10x_dma.o
LOAD ..\obj\misc.o
LOAD ..\obj\frame_modbus.o
LOAD ..\obj\irq_v2.o
LOAD ..\obj\stm32f10x_bkp.o
LOAD ..\obj\stm32f10x_iwdg.o
START GROUP
LOAD c:/program files (x86)/gnu tools arm embedded/6.2 2016q4/bin/../lib/gcc/arm-none-eabi/6.2.1/thumb/v7-m\libgcc.a
LOAD c:/program files (x86)/gnu tools arm embedded/6.2 2016q4/bin/../lib/gcc/arm-none-eabi/6.2.1/../../../../arm-none-eabi/lib/thumb/v7-m\libg.a
LOAD c:/program files (x86)/gnu tools arm embedded/6.2 2016q4/bin/../lib/gcc/arm-none-eabi/6.2.1/../../../../arm-none-eabi/lib/thumb/v7-m\libc.a
END GROUP
OUTPUT(mx1005r4-p16d16i.elf elf32-littlearm)

.debug_info     0x00000000    0x111a9
 .debug_info    0x00000000      0x484 ..\obj\stm32f10x_rtc.o
 .debug_info    0x00000484     0x2247 ..\obj\stm32f10x_tim.o
 .debug_info    0x000026cb      0xf1d ..\obj\system_timer.o
 .debug_info    0x000035e8      0xc4e ..\obj\sleep_reset.o
 .debug_info    0x00004236      0x131 ..\obj\startup_stm32f10x_md_vl.o
 .debug_info    0x00004367      0x99d ..\obj\iwdg.o
 .debug_info    0x00004d04      0x469 ..\obj\system_stm32f10x.o
 .debug_info    0x0000516d     0x13dc ..\obj\tim2_sigpwm.o
 .debug_info    0x00006549      0xd16 ..\obj\common.o
 .debug_info    0x0000725f      0x4ee ..\obj\stm32f10x_pwr.o
 .debug_info    0x0000774d      0x898 ..\obj\stm32f10x_gpio.o
 .debug_info    0x00007fe5     0x17c2 ..\obj\main.o
 .debug_info    0x000097a7      0xa0e ..\obj\callback.o
 .debug_info    0x0000a1b5      0x94f ..\obj\stm32f10x_rcc.o
 .debug_info    0x0000ab04      0xb2f ..\obj\stm32f10x_usart.o
 .debug_info    0x0000b633      0x97f ..\obj\crc.o
 .debug_info    0x0000bfb2     0x19e3 ..\obj\usart_v2.o
 .debug_info    0x0000d995      0xa13 ..\obj\stm32f10x_flash.o
 .debug_info    0x0000e3a8      0x54d ..\obj\misc.o
 .debug_info    0x0000e8f5     0x1e55 ..\obj\frame_modbus.o
 .debug_info    0x0001074a       0x66 ..\obj\irq_v2.o
 .debug_info    0x000107b0      0x7e5 ..\obj\stm32f10x_bkp.o
 .debug_info    0x00010f95      0x214 ..\obj\stm32f10x_iwdg.o

.debug_abbrev   0x00000000     0x308d
 .debug_abbrev  0x00000000      0x1b8 ..\obj\stm32f10x_rtc.o
 .debug_abbrev  0x000001b8      0x2a6 ..\obj\stm32f10x_tim.o
 .debug_abbrev  0x0000045e      0x341 ..\obj\system_timer.o
 .debug_abbrev  0x0000079f      0x287 ..\obj\sleep_reset.o
 .debug_abbrev  0x00000a26       0xdf ..\obj\startup_stm32f10x_md_vl.o
 .debug_abbrev  0x00000b05      0x1e3 ..\obj\iwdg.o
 .debug_abbrev  0x00000ce8      0x18a ..\obj\system_stm32f10x.o
 .debug_abbrev  0x00000e72      0x2f3 ..\obj\tim2_sigpwm.o
 .debug_abbrev  0x00001165      0x25a ..\obj\common.o
 .debug_abbrev  0x000013bf      0x1be ..\obj\stm32f10x_pwr.o
 .debug_abbrev  0x0000157d      0x1fe ..\obj\stm32f10x_gpio.o
 .debug_abbrev  0x0000177b      0x36c ..\obj\main.o
 .debug_abbrev  0x00001ae7      0x23d ..\obj\callback.o
 .debug_abbrev  0x00001d24      0x1f3 ..\obj\stm32f10x_rcc.o
 .debug_abbrev  0x00001f17      0x1d7 ..\obj\stm32f10x_usart.o
 .debug_abbrev  0x000020ee      0x1ea ..\obj\crc.o
 .debug_abbrev  0x000022d8      0x3b9 ..\obj\usart_v2.o
 .debug_abbrev  0x00002691      0x1c0 ..\obj\stm32f10x_flash.o
 .debug_abbrev  0x00002851      0x17f ..\obj\misc.o
 .debug_abbrev  0x000029d0      0x3b8 ..\obj\frame_modbus.o
 .debug_abbrev  0x00002d88       0x28 ..\obj\irq_v2.o
 .debug_abbrev  0x00002db0      0x1a2 ..\obj\stm32f10x_bkp.o
 .debug_abbrev  0x00002f52      0x13b ..\obj\stm32f10x_iwdg.o

.debug_loc      0x00000000     0x5fd8
 .debug_loc     0x00000000      0x229 ..\obj\stm32f10x_rtc.o
 .debug_loc     0x00000229     0x1df9 ..\obj\stm32f10x_tim.o
 .debug_loc     0x00002022      0x165 ..\obj\system_timer.o
 .debug_loc     0x00002187       0x74 ..\obj\sleep_reset.o
 .debug_loc     0x000021fb       0x2b ..\obj\startup_stm32f10x_md_vl.o
 .debug_loc     0x00002226      0x124 ..\obj\system_stm32f10x.o
 .debug_loc     0x0000234a       0x3c ..\obj\tim2_sigpwm.o
 .debug_loc     0x00002386      0x2a2 ..\obj\common.o
 .debug_loc     0x00002628      0x111 ..\obj\stm32f10x_pwr.o
 .debug_loc     0x00002739      0x590 ..\obj\stm32f10x_gpio.o
 .debug_loc     0x00002cc9       0x4f ..\obj\main.o
 .debug_loc     0x00002d18       0x9d ..\obj\callback.o
 .debug_loc     0x00002db5      0x794 ..\obj\stm32f10x_rcc.o
 .debug_loc     0x00003549      0x7a3 ..\obj\stm32f10x_usart.o
 .debug_loc     0x00003cec      0x16a ..\obj\crc.o
 .debug_loc     0x00003e56      0x2be ..\obj\usart_v2.o
 .debug_loc     0x00004114      0x8cb ..\obj\stm32f10x_flash.o
 .debug_loc     0x000049df      0x13d ..\obj\misc.o
 .debug_loc     0x00004b1c     0x136c ..\obj\frame_modbus.o
 .debug_loc     0x00005e88       0xee ..\obj\stm32f10x_bkp.o
 .debug_loc     0x00005f76       0x62 ..\obj\stm32f10x_iwdg.o

.debug_aranges  0x00000000      0xb90
 .debug_aranges
                0x00000000       0x88 ..\obj\stm32f10x_rtc.o
 .debug_aranges
                0x00000088      0x2e0 ..\obj\stm32f10x_tim.o
 .debug_aranges
                0x00000368       0x30 ..\obj\system_timer.o
 .debug_aranges
                0x00000398       0x50 ..\obj\sleep_reset.o
 .debug_aranges
                0x000003e8       0x28 ..\obj\startup_stm32f10x_md_vl.o
 .debug_aranges
                0x00000410       0x20 ..\obj\iwdg.o
 .debug_aranges
                0x00000430       0x28 ..\obj\system_stm32f10x.o
 .debug_aranges
                0x00000458       0x28 ..\obj\tim2_sigpwm.o
 .debug_aranges
                0x00000480       0x78 ..\obj\common.o
 .debug_aranges
                0x000004f8       0x60 ..\obj\stm32f10x_pwr.o
 .debug_aranges
                0x00000558       0xa8 ..\obj\stm32f10x_gpio.o
 .debug_aranges
                0x00000600       0x38 ..\obj\main.o
 .debug_aranges
                0x00000638       0x30 ..\obj\callback.o
 .debug_aranges
                0x00000668      0x120 ..\obj\stm32f10x_rcc.o
 .debug_aranges
                0x00000788      0x100 ..\obj\stm32f10x_usart.o
 .debug_aranges
                0x00000888       0x20 ..\obj\crc.o
 .debug_aranges
                0x000008a8       0x78 ..\obj\usart_v2.o
 .debug_aranges
                0x00000920       0xf8 ..\obj\stm32f10x_flash.o
 .debug_aranges
                0x00000a18       0x40 ..\obj\misc.o
 .debug_aranges
                0x00000a58       0x40 ..\obj\frame_modbus.o
 .debug_aranges
                0x00000a98       0x38 ..\obj\irq_v2.o
 .debug_aranges
                0x00000ad0       0x78 ..\obj\stm32f10x_bkp.o
 .debug_aranges
                0x00000b48       0x48 ..\obj\stm32f10x_iwdg.o

.debug_ranges   0x00000000      0xc18
 .debug_ranges  0x00000000       0x78 ..\obj\stm32f10x_rtc.o
 .debug_ranges  0x00000078      0x300 ..\obj\stm32f10x_tim.o
 .debug_ranges  0x00000378       0x38 ..\obj\system_timer.o
 .debug_ranges  0x000003b0       0x40 ..\obj\sleep_reset.o
 .debug_ranges  0x000003f0       0x18 ..\obj\startup_stm32f10x_md_vl.o
 .debug_ranges  0x00000408       0x10 ..\obj\iwdg.o
 .debug_ranges  0x00000418       0x30 ..\obj\system_stm32f10x.o
 .debug_ranges  0x00000448       0x18 ..\obj\tim2_sigpwm.o
 .debug_ranges  0x00000460       0x68 ..\obj\common.o
 .debug_ranges  0x000004c8       0x50 ..\obj\stm32f10x_pwr.o
 .debug_ranges  0x00000518       0x98 ..\obj\stm32f10x_gpio.o
 .debug_ranges  0x000005b0       0x28 ..\obj\main.o
 .debug_ranges  0x000005d8       0x50 ..\obj\callback.o
 .debug_ranges  0x00000628      0x110 ..\obj\stm32f10x_rcc.o
 .debug_ranges  0x00000738       0xf0 ..\obj\stm32f10x_usart.o
 .debug_ranges  0x00000828       0x10 ..\obj\crc.o
 .debug_ranges  0x00000838       0x68 ..\obj\usart_v2.o
 .debug_ranges  0x000008a0       0xe8 ..\obj\stm32f10x_flash.o
 .debug_ranges  0x00000988       0x30 ..\obj\misc.o
 .debug_ranges  0x000009b8      0x198 ..\obj\frame_modbus.o
 .debug_ranges  0x00000b50       0x28 ..\obj\irq_v2.o
 .debug_ranges  0x00000b78       0x68 ..\obj\stm32f10x_bkp.o
 .debug_ranges  0x00000be0       0x38 ..\obj\stm32f10x_iwdg.o

.debug_line     0x00000000     0x5521
 .debug_line    0x00000000      0x31e ..\obj\stm32f10x_rtc.o
 .debug_line    0x0000031e      0xae6 ..\obj\stm32f10x_tim.o
 .debug_line    0x00000e04      0x2fe ..\obj\system_timer.o
 .debug_line    0x00001102      0x3a0 ..\obj\sleep_reset.o
 .debug_line    0x000014a2       0xb3 ..\obj\startup_stm32f10x_md_vl.o
 .debug_line    0x00001555      0x2d7 ..\obj\iwdg.o
 .debug_line    0x0000182c      0x223 ..\obj\system_stm32f10x.o
 .debug_line    0x00001a4f      0x334 ..\obj\tim2_sigpwm.o
 .debug_line    0x00001d83      0x37f ..\obj\common.o
 .debug_line    0x00002102      0x32e ..\obj\stm32f10x_pwr.o
 .debug_line    0x00002430      0x424 ..\obj\stm32f10x_gpio.o
 .debug_line    0x00002854      0x445 ..\obj\main.o
 .debug_line    0x00002c99      0x2dc ..\obj\callback.o
 .debug_line    0x00002f75      0x51e ..\obj\stm32f10x_rcc.o
 .debug_line    0x00003493      0x4f4 ..\obj\stm32f10x_usart.o
 .debug_line    0x00003987      0x296 ..\obj\crc.o
 .debug_line    0x00003c1d      0x4b5 ..\obj\usart_v2.o
 .debug_line    0x000040d2      0x575 ..\obj\stm32f10x_flash.o
 .debug_line    0x00004647      0x2b7 ..\obj\misc.o
 .debug_line    0x000048fe      0x5de ..\obj\frame_modbus.o
 .debug_line    0x00004edc       0x9e ..\obj\irq_v2.o
 .debug_line    0x00004f7a      0x33b ..\obj\stm32f10x_bkp.o
 .debug_line    0x000052b5      0x26c ..\obj\stm32f10x_iwdg.o

.debug_str      0x00000000     0x38f5
 .debug_str     0x00000000      0x353 ..\obj\stm32f10x_rtc.o
                                0x3d2 (size before relaxing)
 .debug_str     0x00000353      0xbc6 ..\obj\stm32f10x_tim.o
                                0xe3b (size before relaxing)
 .debug_str     0x00000f19      0x801 ..\obj\system_timer.o
                                0x9d1 (size before relaxing)
 .debug_str     0x0000171a       0xe6 ..\obj\sleep_reset.o
                                0x6c9 (size before relaxing)
 .debug_str     0x00001800       0xed ..\obj\startup_stm32f10x_md_vl.o
                                0x184 (size before relaxing)
 .debug_str     0x000018ed       0xa2 ..\obj\iwdg.o
                                0x604 (size before relaxing)
 .debug_str     0x0000198f      0x10b ..\obj\system_stm32f10x.o
                                0x2fa (size before relaxing)
 .debug_str     0x00001a9a      0x1c1 ..\obj\tim2_sigpwm.o
                                0xd42 (size before relaxing)
 .debug_str     0x00001c5b       0xf6 ..\obj\common.o
                                0x707 (size before relaxing)
 .debug_str     0x00001d51      0x127 ..\obj\stm32f10x_pwr.o
                                0x369 (size before relaxing)
 .debug_str     0x00001e78      0x268 ..\obj\stm32f10x_gpio.o
                                0x560 (size before relaxing)
 .debug_str     0x000020e0      0x217 ..\obj\main.o
                                0xeac (size before relaxing)
 .debug_str     0x000022f7       0x81 ..\obj\callback.o
                                0x5ed (size before relaxing)
 .debug_str     0x00002378      0x36a ..\obj\stm32f10x_rcc.o
                                0x69d (size before relaxing)
 .debug_str     0x000026e2      0x447 ..\obj\stm32f10x_usart.o
                                0x700 (size before relaxing)
 .debug_str     0x00002b29       0x56 ..\obj\crc.o
                                0x5b8 (size before relaxing)
 .debug_str     0x00002b7f      0x199 ..\obj\usart_v2.o
                                0xd73 (size before relaxing)
 .debug_str     0x00002d18      0x43b ..\obj\stm32f10x_flash.o
                                0x618 (size before relaxing)
 .debug_str     0x00003153      0x180 ..\obj\misc.o
                                0x3ee (size before relaxing)
 .debug_str     0x000032d3      0x1dd ..\obj\frame_modbus.o
                                0x90b (size before relaxing)
 .debug_str     0x000034b0       0x8e ..\obj\irq_v2.o
                                0x10a (size before relaxing)
 .debug_str     0x0000353e      0x313 ..\obj\stm32f10x_bkp.o
                                0x5f8 (size before relaxing)
 .debug_str     0x00003851       0xa4 ..\obj\stm32f10x_iwdg.o
                                0x28c (size before relaxing)

.comment        0x00000000       0x6e
 .comment       0x00000000       0x6e ..\obj\stm32f10x_rtc.o
                                 0x6f (size before relaxing)
 .comment       0x0000006e       0x6f ..\obj\stm32f10x_tim.o
 .comment       0x0000006e       0x6f ..\obj\system_timer.o
 .comment       0x0000006e       0x6f ..\obj\sleep_reset.o
 .comment       0x0000006e       0x6f ..\obj\startup_stm32f10x_md_vl.o
 .comment       0x0000006e       0x6f ..\obj\iwdg.o
 .comment       0x0000006e       0x6f ..\obj\system_stm32f10x.o
 .comment       0x0000006e       0x6f ..\obj\tim2_sigpwm.o
 .comment       0x0000006e       0x6f ..\obj\common.o
 .comment       0x0000006e       0x6f ..\obj\stm32f10x_pwr.o
 .comment       0x0000006e       0x6f ..\obj\stm32f10x_gpio.o
 .comment       0x0000006e       0x6f ..\obj\main.o
 .comment       0x0000006e       0x6f ..\obj\callback.o
 .comment       0x0000006e       0x6f ..\obj\stm32f10x_rcc.o
 .comment       0x0000006e       0x6f ..\obj\stm32f10x_usart.o
 .comment       0x0000006e       0x6f ..\obj\crc.o
 .comment       0x0000006e       0x6f ..\obj\usart_v2.o
 .comment       0x0000006e       0x6f ..\obj\stm32f10x_flash.o
 .comment       0x0000006e       0x6f ..\obj\misc.o
 .comment       0x0000006e       0x6f ..\obj\frame_modbus.o
 .comment       0x0000006e       0x6f ..\obj\irq_v2.o
 .comment       0x0000006e       0x6f ..\obj\stm32f10x_bkp.o
 .comment       0x0000006e       0x6f ..\obj\stm32f10x_iwdg.o

.ARM.attributes
                0x00000000       0x31
 .ARM.attributes
                0x00000000       0x33 ..\obj\stm32f10x_rtc.o
 .ARM.attributes
                0x00000033       0x33 ..\obj\stm32f10x_tim.o
 .ARM.attributes
                0x00000066       0x33 ..\obj\system_timer.o
 .ARM.attributes
                0x00000099       0x33 ..\obj\sleep_reset.o
 .ARM.attributes
                0x000000cc       0x33 ..\obj\startup_stm32f10x_md_vl.o
 .ARM.attributes
                0x000000ff       0x33 ..\obj\iwdg.o
 .ARM.attributes
                0x00000132       0x33 ..\obj\system_stm32f10x.o
 .ARM.attributes
                0x00000165       0x33 ..\obj\tim2_sigpwm.o
 .ARM.attributes
                0x00000198       0x33 ..\obj\common.o
 .ARM.attributes
                0x000001cb       0x33 ..\obj\stm32f10x_pwr.o
 .ARM.attributes
                0x000001fe       0x33 ..\obj\stm32f10x_gpio.o
 .ARM.attributes
                0x00000231       0x33 ..\obj\main.o
 .ARM.attributes
                0x00000264       0x33 ..\obj\callback.o
 .ARM.attributes
                0x00000297       0x33 ..\obj\stm32f10x_rcc.o
 .ARM.attributes
                0x000002ca       0x33 ..\obj\stm32f10x_usart.o
 .ARM.attributes
                0x000002fd       0x33 ..\obj\crc.o
 .ARM.attributes
                0x00000330       0x33 ..\obj\usart_v2.o
 .ARM.attributes
                0x00000363       0x33 ..\obj\stm32f10x_flash.o
 .ARM.attributes
                0x00000396       0x33 ..\obj\misc.o
 .ARM.attributes
                0x000003c9       0x33 ..\obj\frame_modbus.o
 .ARM.attributes
                0x000003fc       0x33 ..\obj\irq_v2.o
 .ARM.attributes
                0x0000042f       0x33 ..\obj\stm32f10x_bkp.o
 .ARM.attributes
                0x00000462       0x33 ..\obj\stm32f10x_iwdg.o
 .ARM.attributes
                0x00000495       0x1b c:/program files (x86)/gnu tools arm embedded/6.2 2016q4/bin/../lib/gcc/arm-none-eabi/6.2.1/../../../../arm-none-eabi/lib/thumb/v7-m\libg.a(lib_a-memcpy.o)
 .ARM.attributes
                0x000004b0       0x2d c:/program files (x86)/gnu tools arm embedded/6.2 2016q4/bin/../lib/gcc/arm-none-eabi/6.2.1/../../../../arm-none-eabi/lib/thumb/v7-m\libg.a(lib_a-memset.o)

.debug_frame    0x00000000     0x1864
 .debug_frame   0x00000000      0x108 ..\obj\stm32f10x_rtc.o
 .debug_frame   0x00000108      0x68c ..\obj\stm32f10x_tim.o
 .debug_frame   0x00000794       0x54 ..\obj\system_timer.o
 .debug_frame   0x000007e8       0x90 ..\obj\sleep_reset.o
 .debug_frame   0x00000878       0x38 ..\obj\startup_stm32f10x_md_vl.o
 .debug_frame   0x000008b0       0x28 ..\obj\iwdg.o
 .debug_frame   0x000008d8       0x3c ..\obj\system_stm32f10x.o
 .debug_frame   0x00000914       0x48 ..\obj\tim2_sigpwm.o
 .debug_frame   0x0000095c       0xe4 ..\obj\common.o
 .debug_frame   0x00000a40       0xa8 ..\obj\stm32f10x_pwr.o
 .debug_frame   0x00000ae8      0x16c ..\obj\stm32f10x_gpio.o
 .debug_frame   0x00000c54       0x7c ..\obj\main.o
 .debug_frame   0x00000cd0       0x5c ..\obj\callback.o
 .debug_frame   0x00000d2c      0x23c ..\obj\stm32f10x_rcc.o
 .debug_frame   0x00000f68      0x220 ..\obj\stm32f10x_usart.o
 .debug_frame   0x00001188       0x34 ..\obj\crc.o
 .debug_frame   0x000011bc      0x148 ..\obj\usart_v2.o
 .debug_frame   0x00001304      0x250 ..\obj\stm32f10x_flash.o
 .debug_frame   0x00001554       0x60 ..\obj\misc.o
 .debug_frame   0x000015b4       0xd4 ..\obj\frame_modbus.o
 .debug_frame   0x00001688       0x50 ..\obj\irq_v2.o
 .debug_frame   0x000016d8       0xe8 ..\obj\stm32f10x_bkp.o
 .debug_frame   0x000017c0       0x70 ..\obj\stm32f10x_iwdg.o
 .debug_frame   0x00001830       0x34 c:/program files (x86)/gnu tools arm embedded/6.2 2016q4/bin/../lib/gcc/arm-none-eabi/6.2.1/../../../../arm-none-eabi/lib/thumb/v7-m\libg.a(lib_a-memset.o)
